Component: ARM Compiler 5.06 update 7 (build 960) Tool: armlink [4d3601]

==============================================================================

Section Cross References

    startup_stm32f411xe.o(RESET) refers to startup_stm32f411xe.o(STACK) for __initial_sp
    startup_stm32f411xe.o(RESET) refers to startup_stm32f411xe.o(.text) for Reset_Handler
    startup_stm32f411xe.o(RESET) refers to stm32f4xx_it.o(i.NMI_Handler) for NMI_Handler
    startup_stm32f411xe.o(RESET) refers to stm32f4xx_it.o(i.HardFault_Handler) for HardFault_Handler
    startup_stm32f411xe.o(RESET) refers to stm32f4xx_it.o(i.MemManage_Handler) for MemManage_Handler
    startup_stm32f411xe.o(RESET) refers to stm32f4xx_it.o(i.BusFault_Handler) for BusFault_Handler
    startup_stm32f411xe.o(RESET) refers to stm32f4xx_it.o(i.UsageFault_Handler) for UsageFault_Handler
    startup_stm32f411xe.o(RESET) refers to port.o(.emb_text) for SVC_Handler
    startup_stm32f411xe.o(RESET) refers to stm32f4xx_it.o(i.DebugMon_Handler) for DebugMon_Handler
    startup_stm32f411xe.o(RESET) refers to port.o(i.SysTick_Handler) for SysTick_Handler
    startup_stm32f411xe.o(RESET) refers to stm32f4xx_it.o(i.TIM1_TRG_COM_TIM11_IRQHandler) for TIM1_TRG_COM_TIM11_IRQHandler
    startup_stm32f411xe.o(RESET) refers to stm32f4xx_it.o(i.SPI1_IRQHandler) for SPI1_IRQHandler
    startup_stm32f411xe.o(RESET) refers to stm32f4xx_it.o(i.OTG_FS_IRQHandler) for OTG_FS_IRQHandler
    startup_stm32f411xe.o(.text) refers to system_stm32f4xx.o(i.SystemInit) for SystemInit
    startup_stm32f411xe.o(.text) refers to entry.o(.ARM.Collect$$$$00000000) for __main
    w25qxx.o(i.W25Qx_Erase_Block) refers to stm32f4xx_hal.o(i.HAL_GetTick) for HAL_GetTick
    w25qxx.o(i.W25Qx_Erase_Block) refers to w25qxx.o(i.W25Qx_WriteEnable) for W25Qx_WriteEnable
    w25qxx.o(i.W25Qx_Erase_Block) refers to stm32f4xx_hal_gpio.o(i.HAL_GPIO_WritePin) for HAL_GPIO_WritePin
    w25qxx.o(i.W25Qx_Erase_Block) refers to stm32f4xx_hal_spi.o(i.HAL_SPI_Transmit) for HAL_SPI_Transmit
    w25qxx.o(i.W25Qx_Erase_Block) refers to w25qxx.o(i.W25Qx_GetStatus) for W25Qx_GetStatus
    w25qxx.o(i.W25Qx_Erase_Block) refers to spi.o(.bss) for hspi1
    w25qxx.o(i.W25Qx_Erase_Chip) refers to stm32f4xx_hal.o(i.HAL_GetTick) for HAL_GetTick
    w25qxx.o(i.W25Qx_Erase_Chip) refers to w25qxx.o(i.W25Qx_WriteEnable) for W25Qx_WriteEnable
    w25qxx.o(i.W25Qx_Erase_Chip) refers to stm32f4xx_hal_gpio.o(i.HAL_GPIO_WritePin) for HAL_GPIO_WritePin
    w25qxx.o(i.W25Qx_Erase_Chip) refers to stm32f4xx_hal_spi.o(i.HAL_SPI_Transmit) for HAL_SPI_Transmit
    w25qxx.o(i.W25Qx_Erase_Chip) refers to w25qxx.o(i.W25Qx_GetStatus) for W25Qx_GetStatus
    w25qxx.o(i.W25Qx_Erase_Chip) refers to spi.o(.bss) for hspi1
    w25qxx.o(i.W25Qx_GetStatus) refers to stm32f4xx_hal_gpio.o(i.HAL_GPIO_WritePin) for HAL_GPIO_WritePin
    w25qxx.o(i.W25Qx_GetStatus) refers to stm32f4xx_hal_spi.o(i.HAL_SPI_Transmit) for HAL_SPI_Transmit
    w25qxx.o(i.W25Qx_GetStatus) refers to stm32f4xx_hal_spi.o(i.HAL_SPI_Receive) for HAL_SPI_Receive
    w25qxx.o(i.W25Qx_GetStatus) refers to spi.o(.bss) for hspi1
    w25qxx.o(i.W25Qx_Get_Parameter) refers to w25qxx.o(i.W25Qx_Read_ID) for W25Qx_Read_ID
    w25qxx.o(i.W25Qx_Get_Parameter) refers to powf.o(i.__hardfp_powf) for __hardfp_powf
    w25qxx.o(i.W25Qx_Init) refers to stm32f4xx_hal_gpio.o(i.HAL_GPIO_WritePin) for HAL_GPIO_WritePin
    w25qxx.o(i.W25Qx_Init) refers to stm32f4xx_hal_spi.o(i.HAL_SPI_Transmit) for HAL_SPI_Transmit
    w25qxx.o(i.W25Qx_Init) refers to w25qxx.o(i.W25Qx_Get_Parameter) for W25Qx_Get_Parameter
    w25qxx.o(i.W25Qx_Init) refers to spi.o(.bss) for hspi1
    w25qxx.o(i.W25Qx_Init) refers to w25qxx.o(.bss) for .bss
    w25qxx.o(i.W25Qx_Read) refers to stm32f4xx_hal_gpio.o(i.HAL_GPIO_WritePin) for HAL_GPIO_WritePin
    w25qxx.o(i.W25Qx_Read) refers to stm32f4xx_hal_spi.o(i.HAL_SPI_Transmit) for HAL_SPI_Transmit
    w25qxx.o(i.W25Qx_Read) refers to stm32f4xx_hal_spi.o(i.HAL_SPI_Receive) for HAL_SPI_Receive
    w25qxx.o(i.W25Qx_Read) refers to spi.o(.bss) for hspi1
    w25qxx.o(i.W25Qx_Read_ID) refers to stm32f4xx_hal_gpio.o(i.HAL_GPIO_WritePin) for HAL_GPIO_WritePin
    w25qxx.o(i.W25Qx_Read_ID) refers to stm32f4xx_hal_spi.o(i.HAL_SPI_Transmit) for HAL_SPI_Transmit
    w25qxx.o(i.W25Qx_Read_ID) refers to stm32f4xx_hal_spi.o(i.HAL_SPI_Receive) for HAL_SPI_Receive
    w25qxx.o(i.W25Qx_Read_ID) refers to spi.o(.bss) for hspi1
    w25qxx.o(i.W25Qx_Write) refers to stm32f4xx_hal.o(i.HAL_GetTick) for HAL_GetTick
    w25qxx.o(i.W25Qx_Write) refers to w25qxx.o(i.W25Qx_WriteEnable) for W25Qx_WriteEnable
    w25qxx.o(i.W25Qx_Write) refers to stm32f4xx_hal_gpio.o(i.HAL_GPIO_WritePin) for HAL_GPIO_WritePin
    w25qxx.o(i.W25Qx_Write) refers to stm32f4xx_hal_spi.o(i.HAL_SPI_Transmit) for HAL_SPI_Transmit
    w25qxx.o(i.W25Qx_Write) refers to w25qxx.o(i.W25Qx_GetStatus) for W25Qx_GetStatus
    w25qxx.o(i.W25Qx_Write) refers to spi.o(.bss) for hspi1
[...]
    BusFault_Handler                         0x0800040b   Thumb Code     2  stm32f4xx_it.o(i.BusFault_Handler)
    DebugMon_Handler                         0x0800040d   Thumb Code     2  stm32f4xx_it.o(i.DebugMon_Handler)
    Error_Handler                            0x0800040f   Thumb Code     2  main.o(i.Error_Handler)
    FATFS_LinkDriver                         0x08000411   Thumb Code     6  ff_gen_drv.o(i.FATFS_LinkDriver)
    FATFS_LinkDriverEx                       0x08000419   Thumb Code    58  ff_gen_drv.o(i.FATFS_LinkDriverEx)
    HAL_DMA_Abort_IT                         0x08000459   Thumb Code    36  stm32f4xx_hal_dma.o(i.HAL_DMA_Abort_IT)
    HAL_Delay                                0x0800047d   Thumb Code    32  stm32f4xx_hal.o(i.HAL_Delay)
    HAL_GPIO_Init                            0x080004a1   Thumb Code   358  stm32f4xx_hal_gpio.o(i.HAL_GPIO_Init)
    HAL_GPIO_WritePin                        0x08000629   Thumb Code    10  stm32f4xx_hal_gpio.o(i.HAL_GPIO_WritePin)
    HAL_GetTick                              0x08000635   Thumb Code     6  stm32f4xx_hal.o(i.HAL_GetTick)
    HAL_IncTick                              0x08000641   Thumb Code    12  stm32f4xx_hal.o(i.HAL_IncTick)
    HAL_Init                                 0x08000651   Thumb Code    48  stm32f4xx_hal.o(i.HAL_Init)
    HAL_InitTick                             0x08000685   Thumb Code    98  stm32f4xx_hal_timebase_tim.o(i.HAL_InitTick)
    HAL_MspInit                              0x080006f9   Thumb Code    52  stm32f4xx_hal_msp.o(i.HAL_MspInit)
    HAL_NVIC_EnableIRQ                       0x08000731   Thumb Code    26  stm32f4xx_hal_cortex.o(i.HAL_NVIC_EnableIRQ)
    HAL_NVIC_SetPriority                     0x0800074d   Thumb Code    60  stm32f4xx_hal_cortex.o(i.HAL_NVIC_SetPriority)
    HAL_NVIC_SetPriorityGrouping             0x0800078d   Thumb Code    26  stm32f4xx_hal_cortex.o(i.HAL_NVIC_SetPriorityGrouping)
    HAL_PCDEx_LPM_Callback                   0x080007b1   Thumb Code     2  stm32f4xx_hal_pcd_ex.o(i.HAL_PCDEx_LPM_Callback)
    HAL_PCDEx_SetRxFiFo                      0x080007b3   Thumb Code     8  stm32f4xx_hal_pcd_ex.o(i.HAL_PCDEx_SetRxFiFo)
    HAL_PCDEx_SetTxFiFo                      0x080007bb   Thumb Code    68  stm32f4xx_hal_pcd_ex.o(i.HAL_PCDEx_SetTxFiFo)
    HAL_PCD_ConnectCallback                  0x080007ff   Thumb Code     8  usbd_conf.o(i.HAL_PCD_ConnectCallback)
    HAL_PCD_DataInStageCallback              0x08000807   Thumb Code    18  usbd_conf.o(i.HAL_PCD_DataInStageCallback)
    HAL_PCD_DataOutStageCallback             0x08000819   Thumb Code    20  usbd_conf.o(i.HAL_PCD_DataOutStageCallback)
    HAL_PCD_DisconnectCallback               0x0800082d   Thumb Code     8  usbd_conf.o(i.HAL_PCD_DisconnectCallback)
    HAL_PCD_EP_Close                         0x08000835   Thumb Code    76  stm32f4xx_hal_pcd.o(i.HAL_PCD_EP_Close)
    HAL_PCD_EP_ClrStall                      0x08000881   Thumb Code    92  stm32f4xx_hal_pcd.o(i.HAL_PCD_EP_ClrStall)
    HAL_PCD_EP_Flush                         0x080008dd   Thumb Code    52  stm32f4xx_hal_pcd.o(i.HAL_PCD_EP_Flush)
    HAL_PCD_EP_GetRxCount                    0x08000911   Thumb Code    18  stm32f4xx_hal_pcd.o(i.HAL_PCD_EP_GetRxCount)
    HAL_PCD_EP_Open                          0x08000923   Thumb Code    96  stm32f4xx_hal_pcd.o(i.HAL_PCD_EP_Open)
    HAL_PCD_EP_Receive                       0x08000983   Thumb Code    72  stm32f4xx_hal_pcd.o(i.HAL_PCD_EP_Receive)
    HAL_PCD_EP_SetStall                      0x080009cb   Thumb Code   116  stm32f4xx_hal_pcd.o(i.HAL_PCD_EP_SetStall)
    HAL_PCD_EP_Transmit                      0x08000a3f   Thumb Code    64  stm32f4xx_hal_pcd.o(i.HAL_PCD_EP_Transmit)
    HAL_PCD_IRQHandler                       0x08000a81   Thumb Code  1114  stm32f4xx_hal_pcd.o(i.HAL_PCD_IRQHandler)
    HAL_PCD_ISOINIncompleteCallback          0x08000ee5   Thumb Code     8  usbd_conf.o(i.HAL_PCD_ISOINIncompleteCallback)
    HAL_PCD_ISOOUTIncompleteCallback         0x08000eed   Thumb Code     8  usbd_conf.o(i.HAL_PCD_ISOOUTIncompleteCallback)
    HAL_PCD_Init                             0x08000ef5   Thumb Code   226  stm32f4xx_hal_pcd.o(i.HAL_PCD_Init)
    HAL_PCD_MspInit                          0x08000fd9   Thumb Code   122  usbd_conf.o(i.HAL_PCD_MspInit)
    HAL_PCD_ResetCallback                    0x0800105d   Thumb Code    38  usbd_conf.o(i.HAL_PCD_ResetCallback)
    HAL_PCD_ResumeCallback                   0x08001083   Thumb Code     8  usbd_conf.o(i.HAL_PCD_ResumeCallback)
    HAL_PCD_SOFCallback                      0x0800108b   Thumb Code     8  usbd_conf.o(i.HAL_PCD_SOFCallback)
    HAL_PCD_SetAddress                       0x08001093   Thumb Code    40  stm32f4xx_hal_pcd.o(i.HAL_PCD_SetAddress)
    HAL_PCD_SetupStageCallback               0x080010bb   Thumb Code    14  usbd_conf.o(i.HAL_PCD_SetupStageCallback)
    HAL_PCD_Start                            0x080010c9   Thumb Code    66  stm32f4xx_hal_pcd.o(i.HAL_PCD_Start)
    HAL_PCD_SuspendCallback                  0x0800110d   Thumb Code    44  usbd_conf.o(i.HAL_PCD_SuspendCallback)
    HAL_RCCEx_PeriphCLKConfig                0x0800113d   Thumb Code   314  stm32f4xx_hal_rcc_ex.o(i.HAL_RCCEx_PeriphCLKConfig)
    HAL_RCC_ClockConfig                      0x08001291   Thumb Code   286  stm32f4xx_hal_rcc.o(i.HAL_RCC_ClockConfig)
    HAL_RCC_GetClockConfig                   0x080013c1   Thumb Code    54  stm32f4xx_hal_rcc.o(i.HAL_RCC_GetClockConfig)
    HAL_RCC_GetHCLKFreq                      0x08001401   Thumb Code     6  stm32f4xx_hal_rcc.o(i.HAL_RCC_GetHCLKFreq)
    HAL_RCC_GetPCLK2Freq                     0x0800140d   Thumb Code    20  stm32f4xx_hal_rcc.o(i.HAL_RCC_GetPCLK2Freq)
    HAL_RCC_GetSysClockFreq                  0x0800142d   Thumb Code    88  stm32f4xx_hal_rcc.o(i.HAL_RCC_GetSysClockFreq)
    HAL_RCC_OscConfig                        0x08001491   Thumb Code   770  stm32f4xx_hal_rcc.o(i.HAL_RCC_OscConfig)
    HAL_RTCEx_BKUPRead                       0x080017ad   Thumb Code    10  stm32f4xx_hal_rtc_ex.o(i.HAL_RTCEx_BKUPRead)
    HAL_RTCEx_BKUPWrite                      0x080017b7   Thumb Code    10  stm32f4xx_hal_rtc_ex.o(i.HAL_RTCEx_BKUPWrite)
    HAL_RTC_GetDate                          0x080017c1   Thumb Code    62  stm32f4xx_hal_rtc.o(i.HAL_RTC_GetDate)
    HAL_RTC_GetTime                          0x08001805   Thumb Code    82  stm32f4xx_hal_rtc.o(i.HAL_RTC_GetTime)
    HAL_RTC_Init                             0x0800185d   Thumb Code   166  stm32f4xx_hal_rtc.o(i.HAL_RTC_Init)
    HAL_RTC_MspInit                          0x08001909   Thumb Code    16  rtc.o(i.HAL_RTC_MspInit)
    HAL_RTC_SetDate                          0x08001921   Thumb Code   194  stm32f4xx_hal_rtc.o(i.HAL_RTC_SetDate)
    HAL_RTC_SetTime                          0x080019e9   Thumb Code   230  stm32f4xx_hal_rtc.o(i.HAL_RTC_SetTime)
    HAL_RTC_WaitForSynchro                   0x08001ad5   Thumb Code    54  stm32f4xx_hal_rtc.o(i.HAL_RTC_WaitForSynchro)
    HAL_SPI_ErrorCallback                    0x08001b0b   Thumb Code     2  stm32f4xx_hal_spi.o(i.HAL_SPI_ErrorCallback)
    HAL_SPI_IRQHandler                       0x08001b0d   Thumb Code   246  stm32f4xx_hal_spi.o(i.HAL_SPI_IRQHandler)
    HAL_SPI_Init                             0x08001c09   Thumb Code   128  stm32f4xx_hal_spi.o(i.HAL_SPI_Init)
    HAL_SPI_MspInit                          0x08001c89   Thumb Code   108  spi.o(i.HAL_SPI_MspInit)
    HAL_SPI_Receive                          0x08001d01   Thumb Code   336  stm32f4xx_hal_spi.o(i.HAL_SPI_Receive)
    HAL_SPI_Transmit                         0x08001e51   Thumb Code   348  stm32f4xx_hal_spi.o(i.HAL_SPI_Transmit)
    HAL_SPI_TransmitReceive                  0x08001fad   Thumb Code   482  stm32f4xx_hal_spi.o(i.HAL_SPI_TransmitReceive)
    HAL_TIMEx_BreakCallback                  0x0800218f   Thumb Code     2  stm32f4xx_hal_tim_ex.o(i.HAL_TIMEx_BreakCallback)
    HAL_TIMEx_CommutCallback                 0x08002191   Thumb Code     2  stm32f4xx_hal_tim_ex.o(i.HAL_TIMEx_CommutCallback)
    HAL_TIM_Base_Init                        0x08002193   Thumb Code    54  stm32f4xx_hal_tim.o(i.HAL_TIM_Base_Init)
    HAL_TIM_Base_MspInit                     0x080021c9   Thumb Code     2  stm32f4xx_hal_tim.o(i.HAL_TIM_Base_MspInit)
    HAL_TIM_Base_Start_IT                    0x080021cb   Thumb Code    34  stm32f4xx_hal_tim.o(i.HAL_TIM_Base_Start_IT)
    HAL_TIM_IC_CaptureCallback               0x080021ed   Thumb Code     2  stm32f4xx_hal_tim.o(i.HAL_TIM_IC_CaptureCallback)
    HAL_TIM_IRQHandler                       0x080021ef   Thumb Code   358  stm32f4xx_hal_tim.o(i.HAL_TIM_IRQHandler)
    HAL_TIM_OC_DelayElapsedCallback          0x08002355   Thumb Code     2  stm32f4xx_hal_tim.o(i.HAL_TIM_OC_DelayElapsedCallback)
    HAL_TIM_PWM_PulseFinishedCallback        0x08002357   Thumb Code     2  stm32f4xx_hal_tim.o(i.HAL_TIM_PWM_PulseFinishedCallback)
    HAL_TIM_PeriodElapsedCallback            0x08002359   Thumb Code    14  main.o(i.HAL_TIM_PeriodElapsedCallback)
    HAL_TIM_TriggerCallback                  0x0800236d   Thumb Code     2  stm32f4xx_hal_tim.o(i.HAL_TIM_TriggerCallback)
    HardFault_Handler                        0x0800236f   Thumb Code     2  stm32f4xx_it.o(i.HardFault_Handler)
    MSC_BOT_CplClrFeature                    0x080024ad   Thumb Code    42  usbd_msc_bot.o(i.MSC_BOT_CplClrFeature)
    MSC_BOT_DataIn                           0x080024d7   Thumb Code    60  usbd_msc_bot.o(i.MSC_BOT_DataIn)
    MSC_BOT_DataOut                          0x08002513   Thumb Code    60  usbd_msc_bot.o(i.MSC_BOT_DataOut)
    MSC_BOT_DeInit                           0x0800254f   Thumb Code    10  usbd_msc_bot.o(i.MSC_BOT_DeInit)
    MSC_BOT_Init                             0x08002559   Thumb Code    72  usbd_msc_bot.o(i.MSC_BOT_Init)
    MSC_BOT_Reset                            0x080025a1   Thumb Code    26  usbd_msc_bot.o(i.MSC_BOT_Reset)
    MSC_BOT_SendCSW                          0x080025bd   Thumb Code    60  usbd_msc_bot.o(i.MSC_BOT_SendCSW)
    MX_FATFS_Init                            0x080025fd   Thumb Code   142  fatfs.o(i.MX_FATFS_Init)
    MX_FREERTOS_Init                         0x080026f5   Thumb Code    30  freertos.o(i.MX_FREERTOS_Init)
    MX_GPIO_Init                             0x0800271d   Thumb Code   184  gpio.o(i.MX_GPIO_Init)
    MX_RTC_Init                              0x080027e5   Thumb Code   288  rtc.o(i.MX_RTC_Init)
    MX_SPI1_Init                             0x08002919   Thumb Code    60  spi.o(i.MX_SPI1_Init)
    MX_USB_DEVICE_Init                       0x0800295d   Thumb Code    66  usb_device.o(i.MX_USB_DEVICE_Init)
    MemManage_Handler                        0x080029b1   Thumb Code     2  stm32f4xx_it.o(i.MemManage_Handler)
    NMI_Handler                              0x080029b3   Thumb Code     2  stm32f4xx_it.o(i.NMI_Handler)
    OTG_FS_IRQHandler                        0x080029b5   Thumb Code     6  stm32f4xx_it.o(i.OTG_FS_IRQHandler)
    RTC_Bcd2ToByte                           0x08002b3f   Thumb Code    18  stm32f4xx_hal_rtc.o(i.RTC_Bcd2ToByte)
    RTC_ByteToBcd2                           0x08002b51   Thumb Code    22  stm32f4xx_hal_rtc.o(i.RTC_ByteToBcd2)
    RTC_EnterInitMode                        0x08002b69   Thumb Code    58  stm32f4xx_hal_rtc.o(i.RTC_EnterInitMode)
    SCSI_ProcessCmd                          0x08002bc9   Thumb Code   462  usbd_msc_scsi.o(i.SCSI_ProcessCmd)
    SCSI_SenseCode                           0x08003023   Thumb Code    64  usbd_msc_scsi.o(i.SCSI_SenseCode)
    SPI1_IRQHandler                          0x08003119   Thumb Code     6  stm32f4xx_it.o(i.SPI1_IRQHandler)
    StartDefaultTask                         0x08003321   Thumb Code   114  freertos.o(i.StartDefaultTask)
    SysTick_Handler                          0x0800339d   Thumb Code    38  port.o(i.SysTick_Handler)
    SystemClock_Config                       0x080033c9   Thumb Code   146  main.o(i.SystemClock_Config)
    SystemInit                               0x08003465   Thumb Code    66  system_stm32f4xx.o(i.SystemInit)
    TIM1_TRG_COM_TIM11_IRQHandler            0x080034b9   Thumb Code     6  stm32f4xx_it.o(i.TIM1_TRG_COM_TIM11_IRQHandler)
    TIM_Base_SetConfig                       0x080034c5   Thumb Code   122  stm32f4xx_hal_tim.o(i.TIM_Base_SetConfig)
    USBD_ClrClassConfig                      0x0800355d   Thumb Code    14  usbd_core.o(i.USBD_ClrClassConfig)
    USBD_CtlContinueRx                       0x0800356b   Thumb Code    16  usbd_ioreq.o(i.USBD_CtlContinueRx)
    USBD_CtlContinueSendData                 0x0800357b   Thumb Code    16  usbd_ioreq.o(i.USBD_CtlContinueSendData)
    USBD_CtlError                            0x0800358b   Thumb Code    22  usbd_ctlreq.o(i.USBD_CtlError)
    USBD_CtlReceiveStatus                    0x080035a1   Thumb Code    22  usbd_ioreq.o(i.USBD_CtlReceiveStatus)
    USBD_CtlSendData                         0x080035b7   Thumb Code    26  usbd_ioreq.o(i.USBD_CtlSendData)
    USBD_CtlSendStatus                       0x080035d1   Thumb Code    22  usbd_ioreq.o(i.USBD_CtlSendStatus)
    USBD_FS_ConfigStrDescriptor              0x080035e9   Thumb Code    16  usbd_desc.o(i.USBD_FS_ConfigStrDescriptor)
    USBD_FS_DeviceDescriptor                 0x08003609   Thumb Code     8  usbd_desc.o(i.USBD_FS_DeviceDescriptor)
    USBD_FS_InterfaceStrDescriptor           0x08003615   Thumb Code    16  usbd_desc.o(i.USBD_FS_InterfaceStrDescriptor)
    USBD_FS_LangIDStrDescriptor              0x08003639   Thumb Code     8  usbd_desc.o(i.USBD_FS_LangIDStrDescriptor)
    USBD_FS_ManufacturerStrDescriptor        0x08003645   Thumb Code    16  usbd_desc.o(i.USBD_FS_ManufacturerStrDescriptor)
    USBD_FS_ProductStrDescriptor             0x08003661   Thumb Code    16  usbd_desc.o(i.USBD_FS_ProductStrDescriptor)
    USBD_FS_SerialStrDescriptor              0x08003689   Thumb Code    48  usbd_desc.o(i.USBD_FS_SerialStrDescriptor)
    USBD_GetString                           0x080037a9   Thumb Code    72  usbd_ctlreq.o(i.USBD_GetString)
    USBD_Get_USB_Status                      0x080037f1   Thumb Code    24  usbd_conf.o(i.USBD_Get_USB_Status)
    USBD_Init                                0x08003809   Thumb Code    42  usbd_core.o(i.USBD_Init)
    USBD_LL_ClearStallEP                     0x08003833   Thumb Code    18  usbd_conf.o(i.USBD_LL_ClearStallEP)
    USBD_LL_CloseEP                          0x08003845   Thumb Code    18  usbd_conf.o(i.USBD_LL_CloseEP)
    USBD_LL_DataInStage                      0x08003857   Thumb Code   198  usbd_core.o(i.USBD_LL_DataInStage)
    USBD_LL_DataOutStage                     0x0800391d   Thumb Code   130  usbd_core.o(i.USBD_LL_DataOutStage)
    USBD_LL_DevConnected                     0x0800399f   Thumb Code     4  usbd_core.o(i.USBD_LL_DevConnected)
    USBD_LL_DevDisconnected                  0x080039a3   Thumb Code    22  usbd_core.o(i.USBD_LL_DevDisconnected)
    USBD_LL_FlushEP                          0x080039b9   Thumb Code    18  usbd_conf.o(i.USBD_LL_FlushEP)
    USBD_LL_GetRxDataSize                    0x080039cb   Thumb Code     8  usbd_conf.o(i.USBD_LL_GetRxDataSize)
    USBD_LL_Init                             0x080039d5   Thumb Code    90  usbd_conf.o(i.USBD_LL_Init)
    USBD_LL_IsStallEP                        0x08003a35   Thumb Code    32  usbd_conf.o(i.USBD_LL_IsStallEP)
    USBD_LL_IsoINIncomplete                  0x08003a55   Thumb Code     4  usbd_core.o(i.USBD_LL_IsoINIncomplete)
    USBD_LL_IsoOUTIncomplete                 0x08003a59   Thumb Code     4  usbd_core.o(i.USBD_LL_IsoOUTIncomplete)
    USBD_LL_OpenEP                           0x08003a5d   Thumb Code    24  usbd_conf.o(i.USBD_LL_OpenEP)
    USBD_LL_PrepareReceive                   0x08003a75   Thumb Code    18  usbd_conf.o(i.USBD_LL_PrepareReceive)
    USBD_LL_Reset                            0x08003a87   Thumb Code    80  usbd_core.o(i.USBD_LL_Reset)
    USBD_LL_Resume                           0x08003ad7   Thumb Code    12  usbd_core.o(i.USBD_LL_Resume)
    USBD_LL_SOF                              0x08003ae3   Thumb Code    24  usbd_core.o(i.USBD_LL_SOF)
    USBD_LL_SetSpeed                         0x08003afb   Thumb Code     6  usbd_core.o(i.USBD_LL_SetSpeed)
    USBD_LL_SetUSBAddress                    0x08003b01   Thumb Code    18  usbd_conf.o(i.USBD_LL_SetUSBAddress)
    USBD_LL_SetupStage                       0x08003b13   Thumb Code    90  usbd_core.o(i.USBD_LL_SetupStage)
    USBD_LL_StallEP                          0x08003b6d   Thumb Code    18  usbd_conf.o(i.USBD_LL_StallEP)
    USBD_LL_Start                            0x08003b7f   Thumb Code    18  usbd_conf.o(i.USBD_LL_Start)
    USBD_LL_Suspend                          0x08003b91   Thumb Code    18  usbd_core.o(i.USBD_LL_Suspend)
    USBD_LL_Transmit                         0x08003ba3   Thumb Code    18  usbd_conf.o(i.USBD_LL_Transmit)
    USBD_MSC_DataIn                          0x08003bb5   Thumb Code    10  usbd_msc.o(i.USBD_MSC_DataIn)
    USBD_MSC_DataOut                         0x08003bbf   Thumb Code    10  usbd_msc.o(i.USBD_MSC_DataOut)
    USBD_MSC_DeInit                          0x08003bc9   Thumb Code    50  usbd_msc.o(i.USBD_MSC_DeInit)
    USBD_MSC_GetDeviceQualifierDescriptor    0x08003bfd   Thumb Code     8  usbd_msc.o(i.USBD_MSC_GetDeviceQualifierDescriptor)
    USBD_MSC_GetFSCfgDesc                    0x08003c09   Thumb Code     8  usbd_msc.o(i.USBD_MSC_GetFSCfgDesc)
    USBD_MSC_GetHSCfgDesc                    0x08003c15   Thumb Code     8  usbd_msc.o(i.USBD_MSC_GetHSCfgDesc)
    USBD_MSC_GetOtherSpeedCfgDesc            0x08003c21   Thumb Code     8  usbd_msc.o(i.USBD_MSC_GetOtherSpeedCfgDesc)
    USBD_MSC_Init                            0x08003c2d   Thumb Code    92  usbd_msc.o(i.USBD_MSC_Init)
    USBD_MSC_RegisterStorage                 0x08003c89   Thumb Code    10  usbd_msc.o(i.USBD_MSC_RegisterStorage)
    USBD_MSC_Setup                           0x08003c93   Thumb Code   278  usbd_msc.o(i.USBD_MSC_Setup)
    USBD_ParseSetupRequest                   0x08003da9   Thumb Code    40  usbd_ctlreq.o(i.USBD_ParseSetupRequest)
    USBD_RegisterClass                       0x08003dd1   Thumb Code    16  usbd_core.o(i.USBD_RegisterClass)
    USBD_SetClassConfig                      0x08003de1   Thumb Code    22  usbd_core.o(i.USBD_SetClassConfig)
    USBD_Start                               0x08003e7d   Thumb Code    10  usbd_core.o(i.USBD_Start)
    USBD_StdDevReq                           0x08003e87   Thumb Code   274  usbd_ctlreq.o(i.USBD_StdDevReq)
    USBD_StdEPReq                            0x08003f99   Thumb Code   336  usbd_ctlreq.o(i.USBD_StdEPReq)
    USBD_StdItfReq                           0x080040e9   Thumb Code    78  usbd_ctlreq.o(i.USBD_StdItfReq)
    USB_ActivateEndpoint                     0x08004139   Thumb Code   122  stm32f4xx_ll_usb.o(i.USB_ActivateEndpoint)
    USB_ActivateSetup                        0x080041b9   Thumb Code    52  stm32f4xx_ll_usb.o(i.USB_ActivateSetup)
    USB_CoreInit                             0x080041ed   Thumb Code   112  stm32f4xx_ll_usb.o(i.USB_CoreInit)
    USB_DeactivateEndpoint                   0x08004299   Thumb Code   118  stm32f4xx_ll_usb.o(i.USB_DeactivateEndpoint)
    USB_DevConnect                           0x08004319   Thumb Code    24  stm32f4xx_ll_usb.o(i.USB_DevConnect)
    USB_DevDisconnect                        0x08004331   Thumb Code    24  stm32f4xx_ll_usb.o(i.USB_DevDisconnect)
    USB_DevInit                              0x08004349   Thumb Code   378  stm32f4xx_ll_usb.o(i.USB_DevInit)
    USB_DisableGlobalInt                     0x080044d5   Thumb Code    12  stm32f4xx_ll_usb.o(i.USB_DisableGlobalInt)
    USB_EP0StartXfer                         0x080044e1   Thumb Code   276  stm32f4xx_ll_usb.o(i.USB_EP0StartXfer)
    USB_EP0_OutStart                         0x080045f9   Thumb Code    84  stm32f4xx_ll_usb.o(i.USB_EP0_OutStart)
    USB_EPClearStall                         0x08004651   Thumb Code    88  stm32f4xx_ll_usb.o(i.USB_EPClearStall)
    USB_EPSetStall                           0x080046a9   Thumb Code    88  stm32f4xx_ll_usb.o(i.USB_EPSetStall)
    USB_EPStartXfer                          0x08004701   Thumb Code   482  stm32f4xx_ll_usb.o(i.USB_EPStartXfer)
    USB_EnableGlobalInt                      0x080048e9   Thumb Code    12  stm32f4xx_ll_usb.o(i.USB_EnableGlobalInt)
    USB_FlushRxFifo                          0x080048f5   Thumb Code    28  stm32f4xx_ll_usb.o(i.USB_FlushRxFifo)
    USB_FlushTxFifo                          0x08004915   Thumb Code    32  stm32f4xx_ll_usb.o(i.USB_FlushTxFifo)
    USB_GetDevSpeed                          0x08004939   Thumb Code    26  stm32f4xx_ll_usb.o(i.USB_GetDevSpeed)
    USB_GetMode                              0x08004953   Thumb Code     8  stm32f4xx_ll_usb.o(i.USB_GetMode)
    USB_ReadDevAllInEpInterrupt              0x0800495b   Thumb Code    14  stm32f4xx_ll_usb.o(i.USB_ReadDevAllInEpInterrupt)
    USB_ReadDevAllOutEpInterrupt             0x08004969   Thumb Code    14  stm32f4xx_ll_usb.o(i.USB_ReadDevAllOutEpInterrupt)
    USB_ReadDevInEPInterrupt                 0x08004977   Thumb Code    36  stm32f4xx_ll_usb.o(i.USB_ReadDevInEPInterrupt)
    USB_ReadDevOutEPInterrupt                0x0800499b   Thumb Code    16  stm32f4xx_ll_usb.o(i.USB_ReadDevOutEPInterrupt)
    USB_ReadInterrupts                       0x080049ab   Thumb Code     8  stm32f4xx_ll_usb.o(i.USB_ReadInterrupts)
    USB_ReadPacket                           0x080049b3   Thumb Code    28  stm32f4xx_ll_usb.o(i.USB_ReadPacket)
    USB_SetCurrentMode                       0x080049cf   Thumb Code    46  stm32f4xx_ll_usb.o(i.USB_SetCurrentMode)
    USB_SetDevAddress                        0x080049fd   Thumb Code    34  stm32f4xx_ll_usb.o(i.USB_SetDevAddress)
    USB_SetTurnaroundTime                    0x08004a21   Thumb Code   158  stm32f4xx_ll_usb.o(i.USB_SetTurnaroundTime)
    USB_WritePacket                          0x08004b09   Thumb Code    36  stm32f4xx_ll_usb.o(i.USB_WritePacket)
    USER_initialize                          0x08004b2d   Thumb Code    18  user_diskio.o(i.USER_initialize)
    USER_ioctl                               0x08004b45   Thumb Code    38  user_diskio.o(i.USER_ioctl)
    USER_read                                0x08004b71   Thumb Code    58  user_diskio.o(i.USER_read)
    USER_status                              0x08004bb1   Thumb Code    10  user_diskio.o(i.USER_status)
    USER_write                               0x08004bc1   Thumb Code    58  user_diskio.o(i.USER_write)
    UsageFault_Handler                       0x08004c01   Thumb Code     2  stm32f4xx_it.o(i.UsageFault_Handler)
    W25Qx_Erase_Block                        0x08004c05   Thumb Code   106  w25qxx.o(i.W25Qx_Erase_Block)
    W25Qx_Get_Parameter                      0x08004ccd   Thumb Code    96  w25qxx.o(i.W25Qx_Get_Parameter)
    W25Qx_Init                               0x08004d2d   Thumb Code    54  w25qxx.o(i.W25Qx_Init)
    W25Qx_Read                               0x08004d75   Thumb Code    88  w25qxx.o(i.W25Qx_Read)
    W25Qx_Read_ID                            0x08004dd5   Thumb Code    76  w25qxx.o(i.W25Qx_Read_ID)
    W25Qx_Write                              0x08004e2d   Thumb Code   184  w25qxx.o(i.W25Qx_Write)
    W25Qx_WriteEnable                        0x08004eed   Thumb Code    88  w25qxx.o(i.W25Qx_WriteEnable)
    __0sprintf$5                             0x08004f51   Thumb Code    34  printf5.o(i.__0sprintf$5)
    __1sprintf$5                             0x08004f51   Thumb Code     0  printf5.o(i.__0sprintf$5)
    __2sprintf                               0x08004f51   Thumb Code     0  printf5.o(i.__0sprintf$5)
    __ARM_fpclassifyf                        0x08004f79   Thumb Code    38  fpclassifyf.o(i.__ARM_fpclassifyf)
    __hardfp_powf                            0x08004fc1   Thumb Code  1606  powf.o(i.__hardfp_powf)
    __mathlib_powf                           0x08004fc1   Thumb Code     0  powf.o(i.__hardfp_powf)
    __mathlib_flt_divzero                    0x08005625   Thumb Code    14  funder.o(i.__mathlib_flt_divzero)
    __mathlib_flt_infnan2                    0x08005639   Thumb Code     6  funder.o(i.__mathlib_flt_infnan2)
    __mathlib_flt_invalid                    0x08005641   Thumb Code    10  funder.o(i.__mathlib_flt_invalid)
    __mathlib_flt_overflow                   0x08005651   Thumb Code    10  funder.o(i.__mathlib_flt_overflow)
    __mathlib_flt_underflow                  0x08005661   Thumb Code    10  funder.o(i.__mathlib_flt_underflow)
    __scatterload_copy                       0x08005671   Thumb Code    14  handlers.o(i.__scatterload_copy)
    __scatterload_null                       0x0800567f   Thumb Code     2  handlers.o(i.__scatterload_null)
    __scatterload_zeroinit                   0x08005681   Thumb Code    14  handlers.o(i.__scatterload_zeroinit)
    __set_errno                              0x08005691   Thumb Code     6  errno.o(i.__set_errno)
    disk_initialize                          0x08006269   Thumb Code    36  diskio.o(i.disk_initialize)
    disk_ioctl                               0x08006291   Thumb Code    24  diskio.o(i.disk_ioctl)
    disk_read                                0x080062ad   Thumb Code    24  diskio.o(i.disk_read)
    disk_status                              0x080062c9   Thumb Code    18  diskio.o(i.disk_status)
    disk_write                               0x080062e1   Thumb Code    24  diskio.o(i.disk_write)
    f_close                                  0x080062fd   Thumb Code    48  ff.o(i.f_close)
    f_mkfs                                   0x0800632d   Thumb Code  1350  ff.o(i.f_mkfs)
    f_mount                                  0x08006879   Thumb Code   118  ff.o(i.f_mount)
    f_open                                   0x080068f5   Thumb Code   536  ff.o(i.f_open)
    f_sync                                   0x08006b11   Thumb Code   162  ff.o(i.f_sync)
    f_write                                  0x08006bb3   Thumb Code   438  ff.o(i.f_write)
    ff_convert                               0x08006d69   Thumb Code    68  cc936.o(i.ff_convert)
    ff_cre_syncobj                           0x08006db5   Thumb Code    28  syscall.o(i.ff_cre_syncobj)
    ff_del_syncobj                           0x08006dd1   Thumb Code    10  syscall.o(i.ff_del_syncobj)
    ff_rel_grant                             0x08006ddb   Thumb Code     4  syscall.o(i.ff_rel_grant)
    ff_req_grant                             0x08006ddf   Thumb Code    20  syscall.o(i.ff_req_grant)
    ff_wtoupper                              0x08006df5   Thumb Code   120  cc936.o(i.ff_wtoupper)
    free                                     0x08007149   Thumb Code    76  malloc.o(i.free)
    get_fattime                              0x080072e1   Thumb Code    64  fatfs.o(i.get_fattime)
    main                                     0x0800744f   Thumb Code    30  main.o(i.main)
    malloc                                   0x08007479   Thumb Code    92  malloc.o(i.malloc)
    osDelay                                  0x08007539   Thumb Code    14  cmsis_os.o(i.osDelay)
    osKernelStart                            0x08007547   Thumb Code    10  cmsis_os.o(i.osKernelStart)
    osSemaphoreCreate                        0x08007551   Thumb Code    62  cmsis_os.o(i.osSemaphoreCreate)
    osSemaphoreDelete                        0x0800758f   Thumb Code    24  cmsis_os.o(i.osSemaphoreDelete)
    osSemaphoreRelease                       0x080075a9   Thumb Code    74  cmsis_os.o(i.osSemaphoreRelease)
    osSemaphoreWait                          0x080075f9   Thumb Code    96  cmsis_os.o(i.osSemaphoreWait)
    osThreadCreate                           0x0800765d   Thumb Code    84  cmsis_os.o(i.osThreadCreate)
    pvPortMalloc                             0x08007c0d   Thumb Code   210  heap_4.o(i.pvPortMalloc)
    pvTaskIncrementMutexHeldCount            0x08007ce5   Thumb Code    18  tasks.o(i.pvTaskIncrementMutexHeldCount)
    pxPortInitialiseStack                    0x08007cfd   Thumb Code    40  port.o(i.pxPortInitialiseStack)
    uxListRemove                             0x08007eeb   Thumb Code    38  list.o(i.uxListRemove)
    vApplicationGetIdleTaskMemory            0x08007f11   Thumb Code    16  freertos.o(i.vApplicationGetIdleTaskMemory)
    vListInitialise                          0x08007f25   Thumb Code    22  list.o(i.vListInitialise)
    vListInitialiseItem                      0x08007f3b   Thumb Code     6  list.o(i.vListInitialiseItem)
    vListInsert                              0x08007f41   Thumb Code    48  list.o(i.vListInsert)
    vListInsertEnd                           0x08007f71   Thumb Code    24  list.o(i.vListInsertEnd)
    vPortEnterCritical                       0x08007f89   Thumb Code    54  port.o(i.vPortEnterCritical)
    vPortExitCritical                        0x08007fc9   Thumb Code    34  port.o(i.vPortExitCritical)
    vPortFree                                0x08007ff1   Thumb Code    88  heap_4.o(i.vPortFree)
    vPortSetupTimerInterrupt                 0x0800804d   Thumb Code    32  port.o(i.vPortSetupTimerInterrupt)
    vPortValidateInterruptPriority           0x08008071   Thumb Code    74  port.o(i.vPortValidateInterruptPriority)
    vQueueDelete                             0x080080c5   Thumb Code    46  queue.o(i.vQueueDelete)
    vQueueUnregisterQueue                    0x080080f5   Thumb Code    36  queue.o(i.vQueueUnregisterQueue)
    vTaskDelay                               0x0800811d   Thumb Code    66  tasks.o(i.vTaskDelay)
    vTaskInternalSetTimeOutState             0x08008169   Thumb Code    12  tasks.o(i.vTaskInternalSetTimeOutState)
    vTaskMissedYield                         0x08008179   Thumb Code     8  tasks.o(i.vTaskMissedYield)
    vTaskPlaceOnEventList                    0x08008185   Thumb Code    44  tasks.o(i.vTaskPlaceOnEventList)
    vTaskPriorityDisinheritAfterTimeout      0x080081b5   Thumb Code   160  tasks.o(i.vTaskPriorityDisinheritAfterTimeout)
    vTaskStartScheduler                      0x0800825d   Thumb Code    90  tasks.o(i.vTaskStartScheduler)
    vTaskSuspendAll                          0x080082c9   Thumb Code    10  tasks.o(i.vTaskSuspendAll)
    vTaskSwitchContext                       0x080082d9   Thumb Code    82  tasks.o(i.vTaskSwitchContext)
    xPortStartScheduler                      0x0800837d   Thumb Code   222  port.o(i.xPortStartScheduler)
    xQueueGenericCreate                      0x08008471   Thumb Code    72  queue.o(i.xQueueGenericCreate)
    xQueueGenericCreateStatic                0x080084b9   Thumb Code   102  queue.o(i.xQueueGenericCreateStatic)
    xQueueGenericReset                       0x08008521   Thumb Code   132  queue.o(i.xQueueGenericReset)
    xQueueGenericSend                        0x080085a9   Thumb Code   346  queue.o(i.xQueueGenericSend)
    xQueueGiveFromISR                        0x08008709   Thumb Code   156  queue.o(i.xQueueGiveFromISR)
    xQueueReceiveFromISR                     0x080087a5   Thumb Code   154  queue.o(i.xQueueReceiveFromISR)
    xQueueSemaphoreTake                      0x08008841   Thumb Code   372  queue.o(i.xQueueSemaphoreTake)
    xTaskCheckForTimeOut                     0x080089b9   Thumb Code   112  tasks.o(i.xTaskCheckForTimeOut)
    xTaskCreate                              0x08008a2d   Thumb Code    90  tasks.o(i.xTaskCreate)
    xTaskCreateStatic                        0x08008a87   Thumb Code    86  tasks.o(i.xTaskCreateStatic)
    xTaskGetSchedulerState                   0x08008add   Thumb Code    22  tasks.o(i.xTaskGetSchedulerState)
    xTaskIncrementTick                       0x08008af9   Thumb Code   192  tasks.o(i.xTaskIncrementTick)
    xTaskPriorityDisinherit                  0x08008bc1   Thumb Code   144  tasks.o(i.xTaskPriorityDisinherit)
    xTaskPriorityInherit                     0x08008c59   Thumb Code   138  tasks.o(i.xTaskPriorityInherit)
    xTaskRemoveFromEventList                 0x08008ced   Thumb Code   108  tasks.o(i.xTaskRemoveFromEventList)
    xTaskResumeAll                           0x08008d61   Thumb Code   182  tasks.o(i.xTaskResumeAll)
    STORAGE_Inquirydata_FS                   0x08008e40   Data          36  usbd_storage_if.o(.constdata)
    AHBPrescTable                            0x08008e64   Data          16  system_stm32f4xx.o(.constdata)
    APBPrescTable                            0x08008e74   Data           8  system_stm32f4xx.o(.constdata)
    MSC_Page00_Inquiry_Data                  0x08033a5c   Data           7  usbd_msc_data.o(.constdata)
    MSC_Mode_Sense6_data                     0x08033a63   Data           8  usbd_msc_data.o(.constdata)
    MSC_Mode_Sense10_data                    0x08033a6b   Data           8  usbd_msc_data.o(.constdata)
    Region$$Table$$Base                      0x08033c20   Number         0  anon$$obj.o(Region$$Table)
    Region$$Table$$Limit                     0x08033c40   Number         0  anon$$obj.o(Region$$Table)
    USER_Driver                              0x20000004   Data          20  user_diskio.o(.data)
    retUSER                                  0x20000018   Data           1  fatfs.o(.data)
    USERPath                                 0x20000019   Data           4  fatfs.o(.data)
    sdatestructureget                        0x2000001d   Data           4  fatfs.o(.data)
    defaultTaskHandle                        0x2000002c   Data           4  freertos.o(.data)
    rtc_ResetFlag                            0x20000030   Data           4  rtc.o(.data)
    FS_Desc                                  0x20000034   Data          28  usbd_desc.o(.data)
    USBD_LangIDDesc                          0x20000050   Data           4  usbd_desc.o(.data)
    USBD_FS_DeviceDesc                       0x20000054   Data          18  usbd_desc.o(.data)
    USBD_StringSerial                        0x20000068   Data          26  usbd_desc.o(.data)
    USBD_Storage_Interface_fops_FS           0x20000084   Data          32  usbd_storage_if.o(.data)
    uwTickFreq                               0x200000a4   Data           1  stm32f4xx_hal.o(.data)
    uwTickPrio                               0x200000a8   Data           4  stm32f4xx_hal.o(.data)
    uwTick                                   0x200000ac   Data           4  stm32f4xx_hal.o(.data)
    SystemCoreClock                          0x200000b0   Data           4  system_stm32f4xx.o(.data)
    pxCurrentTCB                             0x200000bc   Data           4  tasks.o(.data)
    USBD_MSC                                 0x20000120   Data          56  usbd_msc.o(.data)
    USBD_MSC_CfgHSDesc                       0x20000158   Data          32  usbd_msc.o(.data)
    USBD_MSC_CfgFSDesc                       0x20000178   Data          32  usbd_msc.o(.data)
    USBD_MSC_OtherSpeedCfgDesc               0x20000198   Data          32  usbd_msc.o(.data)
    USBD_MSC_DeviceQualifierDesc             0x200001b8   Data          10  usbd_msc.o(.data)
    __microlib_freelist                      0x200001c4   Data           4  mvars.o(.data)
    __microlib_freelist_initialised          0x200001c8   Data           4  mvars.o(.data)
    W25Qx_Para                               0x200001d0   Data          28  w25qxx.o(.bss)
    USERFatFS                                0x200001ec   Data        4152  fatfs.o(.bss)
    USERFile                                 0x20001224   Data        4144  fatfs.o(.bss)
    stimestructureget                        0x20002254   Data          20  fatfs.o(.bss)
    workbuf                                  0x20002268   Data        4096  fatfs.o(.bss)
    hrtc                                     0x200034bc   Data          32  rtc.o(.bss)
    hspi1                                    0x200034dc   Data          88  spi.o(.bss)
    htim11                                   0x20003534   Data          64  stm32f4xx_hal_timebase_tim.o(.bss)
    hUsbDeviceFS                             0x20003574   Data         668  usb_device.o(.bss)
    hpcd_USB_OTG_FS                          0x20003810   Data        1032  usbd_conf.o(.bss)
    USBD_StrDesc                             0x20003c18   Data         512  usbd_desc.o(.bss)
    disk                                     0x20003e38   Data          12  ff_gen_drv.o(.bss)
    xQueueRegistry                           0x20003e44   Data          64  queue.o(.bss)
    __heap_base                              0x20007b78   Data           0  startup_stm32f411xe.o(HEAP)
    __heap_limit                             0x20009b78   Data           0  startup_stm32f411xe.o(HEAP)
    __initial_sp                             0x20009f78   Data           0  startup_stm32f411xe.o(STACK)



==============================================================================

Memory Map of the image

  Image Entry point : 0x08000199

  Load Region LR_IROM1 (Base: 0x08000000, Size: 0x00033e10, Max: 0x00080000, ABSOLUTE, COMPRESSED[0x00033d00])

    Execution Region ER_IROM1 (Exec base: 0x08000000, Load base: 0x08000000, Size: 0x00033c40, Max: 0x00080000, ABSOLUTE)

    Exec Addr    Load Addr    Size         Type   Attr      Idx    E Section Name        Object

    0x08000000   0x08000000   0x00000198   Data   RO            3    RESET               startup_stm32f411xe.o
    0x08000198   0x08000198   0x00000000   Code   RO         6954  * .ARM.Collect$$$$00000000  mc_w.l(entry.o)
    0x08000198   0x08000198   0x00000004   Code   RO         7274    .ARM.Collect$$$$00000001  mc_w.l(entry2.o)
    0x0800019c   0x0800019c   0x00000004   Code   RO         7277    .ARM.Collect$$$$00000004  mc_w.l(entry5.o)
    0x080001a0   0x080001a0   0x00000000   Code   RO         7279    .ARM.Collect$$$$00000008  mc_w.l(entry7b.o)
    0x080001a0   0x080001a0   0x00000000   Code   RO         7281    .ARM.Collect$$$$0000000A  mc_w.l(entry8b.o)
    0x080001a0   0x080001a0   0x00000008   Code   RO         7282    .ARM.Collect$$$$0000000B  mc_w.l(entry9a.o)
    0x080001a8   0x080001a8   0x00000004   Code   RO         7289    .ARM.Collect$$$$0000000E  mc_w.l(entry12b.o)
    0x080001ac   0x080001ac   0x00000000   Code   RO         7284    .ARM.Collect$$$$0000000F  mc_w.l(entry10a.o)
    0x080001ac   0x080001ac   0x00000000   Code   RO         7286    .ARM.Collect$$$$00000011  mc_w.l(entry11a.o)
    0x080001ac   0x080001ac   0x00000004   Code   RO         7275    .ARM.Collect$$$$00002712  mc_w.l(entry2.o)
    0x080001b0   0x080001b0   0x000000be   Code   RO         6350    .emb_text           port.o
    0x0800026e   0x0800026e   0x00000002   PAD
    0x08000270   0x08000270   0x00000024   Code   RO            4    .text               startup_stm32f411xe.o
    0x08000294   0x08000294   0x00000062   Code   RO         6957    .text               mc_w.l(uldiv.o)
    0x080002f6   0x080002f6   0x00000024   Code   RO         6959    .text               mc_w.l(memcpya.o)
    0x0800031a   0x0800031a   0x00000024   Code   RO         6963    .text               mc_w.l(memseta.o)
    0x0800033e   0x0800033e   0x0000000e   Code   RO         6965    .text               mc_w.l(strlen.o)
    0x0800034c   0x0800034c   0x0000001e   Code   RO         7295    .text               mc_w.l(llshl.o)
    0x0800036a   0x0800036a   0x00000020   Code   RO         7297    .text               mc_w.l(llushr.o)
    0x0800038a   0x0800038a   0x00000000   Code   RO         7308    .text               mc_w.l(iusefp.o)
    0x0800038a   0x0800038a   0x00000004   Code   RO         7319    .text               mf_w.l(fpstat.o)
    0x0800038e   0x0800038e   0x00000002   PAD
    0x08000390   0x08000390   0x00000024   Code   RO         7321    .text               mc_w.l(init.o)
    0x080003b4   0x080003b4   0x00000056   Code   RO         7337    .text               mc_w.l(__dczerorl2.o)
    0x0800040a   0x0800040a   0x00000002   Code   RO         1095    i.BusFault_Handler  stm32f4xx_it.o
    0x0800040c   0x0800040c   0x00000002   Code   RO         1096    i.DebugMon_Handler  stm32f4xx_it.o
    0x0800040e   0x0800040e   0x00000002   Code   RO          251    i.Error_Handler     main.o
    0x08000410   0x08000410   0x00000006   Code   RO         5042    i.FATFS_LinkDriver  ff_gen_drv.o
    0x08000416   0x08000416   0x00000002   PAD
    0x08000418   0x08000418   0x00000040   Code   RO         5043    i.FATFS_LinkDriverEx  ff_gen_drv.o
    0x08000458   0x08000458   0x00000024   Code   RO         2274    i.HAL_DMA_Abort_IT  stm32f4xx_hal_dma.o
    0x0800047c   0x0800047c   0x00000024   Code   RO         2716    i.HAL_Delay         stm32f4xx_hal.o
    0x080004a0   0x080004a0   0x00000188   Code   RO         2166    i.HAL_GPIO_Init     stm32f4xx_hal_gpio.o
    0x08000628   0x08000628   0x0000000a   Code   RO         2170    i.HAL_GPIO_WritePin  stm32f4xx_hal_gpio.o
    0x08000632   0x08000632   0x00000002   PAD
    0x08000634   0x08000634   0x0000000c   Code   RO         2722    i.HAL_GetTick       stm32f4xx_hal.o
    0x08000640   0x08000640   0x00000010   Code   RO         2728    i.HAL_IncTick       stm32f4xx_hal.o
    0x08000650   0x08000650   0x00000034   Code   RO         2729    i.HAL_Init          stm32f4xx_hal.o
    0x08000684   0x08000684   0x00000074   Code   RO          646    i.HAL_InitTick      stm32f4xx_hal_timebase_tim.o
    0x080006f8   0x080006f8   0x00000038   Code   RO         1171    i.HAL_MspInit       stm32f4xx_hal_msp.o
    0x08000730   0x08000730   0x0000001a   Code   RO         2579    i.HAL_NVIC_EnableIRQ  stm32f4xx_hal_cortex.o
    0x0800074a   0x0800074a   0x00000002   PAD
    0x0800074c   0x0800074c   0x00000040   Code   RO         2585    i.HAL_NVIC_SetPriority  stm32f4xx_hal_cortex.o
    0x0800078c   0x0800078c   0x00000024   Code   RO         2586    i.HAL_NVIC_SetPriorityGrouping  stm32f4xx_hal_cortex.o
    0x080007b0   0x080007b0   0x00000002   Code   RO         1416    i.HAL_PCDEx_LPM_Callback  stm32f4xx_hal_pcd_ex.o
    0x080007b2   0x080007b2   0x00000008   Code   RO         1417    i.HAL_PCDEx_SetRxFiFo  stm32f4xx_hal_pcd_ex.o
    0x080007ba   0x080007ba   0x00000044   Code   RO         1418    i.HAL_PCDEx_SetTxFiFo  stm32f4xx_hal_pcd_ex.o
    0x080007fe   0x080007fe   0x00000008   Code   RO          740    i.HAL_PCD_ConnectCallback  usbd_conf.o
    0x08000806   0x08000806   0x00000012   Code   RO          741    i.HAL_PCD_DataInStageCallback  usbd_conf.o
    0x08000818   0x08000818   0x00000014   Code   RO          742    i.HAL_PCD_DataOutStageCallback  usbd_conf.o
    0x0800082c   0x0800082c   0x00000008   Code   RO          743    i.HAL_PCD_DisconnectCallback  usbd_conf.o
    0x08000834   0x08000834   0x0000004c   Code   RO         1204    i.HAL_PCD_EP_Close  stm32f4xx_hal_pcd.o
    0x08000880   0x08000880   0x0000005c   Code   RO         1205    i.HAL_PCD_EP_ClrStall  stm32f4xx_hal_pcd.o
    0x080008dc   0x080008dc   0x00000034   Code   RO         1206    i.HAL_PCD_EP_Flush  stm32f4xx_hal_pcd.o
    0x08000910   0x08000910   0x00000012   Code   RO         1207    i.HAL_PCD_EP_GetRxCount  stm32f4xx_hal_pcd.o
    0x08000922   0x08000922   0x00000060   Code   RO         1208    i.HAL_PCD_EP_Open   stm32f4xx_hal_pcd.o
    0x08000982   0x08000982   0x00000048   Code   RO         1209    i.HAL_PCD_EP_Receive  stm32f4xx_hal_pcd.o
    0x080009ca   0x080009ca   0x00000074   Code   RO         1210    i.HAL_PCD_EP_SetStall  stm32f4xx_hal_pcd.o
    0x08000a3e   0x08000a3e   0x00000040   Code   RO         1211    i.HAL_PCD_EP_Transmit  stm32f4xx_hal_pcd.o
    0x08000a7e   0x08000a7e   0x00000002   PAD
    0x08000a80   0x08000a80   0x00000464   Code   RO         1213    i.HAL_PCD_IRQHandler  stm32f4xx_hal_pcd.o
    0x08000ee4   0x08000ee4   0x00000008   Code   RO          744    i.HAL_PCD_ISOINIncompleteCallback  usbd_conf.o
    0x08000eec   0x08000eec   0x00000008   Code   RO          745    i.HAL_PCD_ISOOUTIncompleteCallback  usbd_conf.o
    0x08000ef4   0x08000ef4   0x000000e2   Code   RO         1216    i.HAL_PCD_Init      stm32f4xx_hal_pcd.o
    0x08000fd6   0x08000fd6   0x00000002   PAD
    0x08000fd8   0x08000fd8   0x00000084   Code   RO          747    i.HAL_PCD_MspInit   usbd_conf.o
    0x0800105c   0x0800105c   0x00000026   Code   RO          748    i.HAL_PCD_ResetCallback  usbd_conf.o
    0x08001082   0x08001082   0x00000008   Code   RO          749    i.HAL_PCD_ResumeCallback  usbd_conf.o
    0x0800108a   0x0800108a   0x00000008   Code   RO          750    i.HAL_PCD_SOFCallback  usbd_conf.o
    0x08001092   0x08001092   0x00000028   Code   RO         1222    i.HAL_PCD_SetAddress  stm32f4xx_hal_pcd.o
    0x080010ba   0x080010ba   0x0000000e   Code   RO          751    i.HAL_PCD_SetupStageCallback  usbd_conf.o
    0x080010c8   0x080010c8   0x00000042   Code   RO         1224    i.HAL_PCD_Start     stm32f4xx_hal_pcd.o
    0x0800110a   0x0800110a   0x00000002   PAD
    0x0800110c   0x0800110c   0x00000030   Code   RO          752    i.HAL_PCD_SuspendCallback  usbd_conf.o
    0x0800113c   0x0800113c   0x00000154   Code   RO         1863    i.HAL_RCCEx_PeriphCLKConfig  stm32f4xx_hal_rcc_ex.o
    0x08001290   0x08001290   0x00000130   Code   RO         1758    i.HAL_RCC_ClockConfig  stm32f4xx_hal_rcc.o
    0x080013c0   0x080013c0   0x00000040   Code   RO         1762    i.HAL_RCC_GetClockConfig  stm32f4xx_hal_rcc.o
    0x08001400   0x08001400   0x0000000c   Code   RO         1763    i.HAL_RCC_GetHCLKFreq  stm32f4xx_hal_rcc.o
    0x0800140c   0x0800140c   0x00000020   Code   RO         1766    i.HAL_RCC_GetPCLK2Freq  stm32f4xx_hal_rcc.o
    0x0800142c   0x0800142c   0x00000064   Code   RO         1767    i.HAL_RCC_GetSysClockFreq  stm32f4xx_hal_rcc.o
    0x08001490   0x08001490   0x0000031c   Code   RO         1770    i.HAL_RCC_OscConfig  stm32f4xx_hal_rcc.o
    0x080017ac   0x080017ac   0x0000000a   Code   RO         3102    i.HAL_RTCEx_BKUPRead  stm32f4xx_hal_rtc_ex.o
    0x080017b6   0x080017b6   0x0000000a   Code   RO         3103    i.HAL_RTCEx_BKUPWrite  stm32f4xx_hal_rtc_ex.o
    0x080017c0   0x080017c0   0x00000044   Code   RO         2969    i.HAL_RTC_GetDate   stm32f4xx_hal_rtc.o
    0x08001804   0x08001804   0x00000058   Code   RO         2971    i.HAL_RTC_GetTime   stm32f4xx_hal_rtc.o
    0x0800185c   0x0800185c   0x000000ac   Code   RO         2972    i.HAL_RTC_Init      stm32f4xx_hal_rtc.o
    0x08001908   0x08001908   0x00000018   Code   RO          535    i.HAL_RTC_MspInit   rtc.o
    0x08001920   0x08001920   0x000000c8   Code   RO         2978    i.HAL_RTC_SetDate   stm32f4xx_hal_rtc.o
    0x080019e8   0x080019e8   0x000000ec   Code   RO         2979    i.HAL_RTC_SetTime   stm32f4xx_hal_rtc.o
    0x08001ad4   0x08001ad4   0x00000036   Code   RO         2980    i.HAL_RTC_WaitForSynchro  stm32f4xx_hal_rtc.o
    0x08001b0a   0x08001b0a   0x00000002   Code   RO         3336    i.HAL_SPI_ErrorCallback  stm32f4xx_hal_spi.o
    0x08001b0c   0x08001b0c   0x000000fc   Code   RO         3339    i.HAL_SPI_IRQHandler  stm32f4xx_hal_spi.o
    0x08001c08   0x08001c08   0x00000080   Code   RO         3340    i.HAL_SPI_Init      stm32f4xx_hal_spi.o
    0x08001c88   0x08001c88   0x00000078   Code   RO          578    i.HAL_SPI_MspInit   spi.o
    0x08001d00   0x08001d00   0x00000150   Code   RO         3343    i.HAL_SPI_Receive   stm32f4xx_hal_spi.o
    0x08001e50   0x08001e50   0x0000015c   Code   RO         3348    i.HAL_SPI_Transmit  stm32f4xx_hal_spi.o
    0x08001fac   0x08001fac   0x000001e2   Code   RO         3349    i.HAL_SPI_TransmitReceive  stm32f4xx_hal_spi.o
    0x0800218e   0x0800218e   0x00000002   Code   RO         4328    i.HAL_TIMEx_BreakCallback  stm32f4xx_hal_tim_ex.o
    0x08002190   0x08002190   0x00000002   Code   RO         4329    i.HAL_TIMEx_CommutCallback  stm32f4xx_hal_tim_ex.o
    0x08002192   0x08002192   0x00000036   Code   RO         3653    i.HAL_TIM_Base_Init  stm32f4xx_hal_tim.o
    0x080021c8   0x080021c8   0x00000002   Code   RO         3655    i.HAL_TIM_Base_MspInit  stm32f4xx_hal_tim.o
    0x080021ca   0x080021ca   0x00000022   Code   RO         3658    i.HAL_TIM_Base_Start_IT  stm32f4xx_hal_tim.o
    0x080021ec   0x080021ec   0x00000002   Code   RO         3682    i.HAL_TIM_IC_CaptureCallback  stm32f4xx_hal_tim.o
    0x080021ee   0x080021ee   0x00000166   Code   RO         3696    i.HAL_TIM_IRQHandler  stm32f4xx_hal_tim.o
    0x08002354   0x08002354   0x00000002   Code   RO         3699    i.HAL_TIM_OC_DelayElapsedCallback  stm32f4xx_hal_tim.o
    0x08002356   0x08002356   0x00000002   Code   RO         3726    i.HAL_TIM_PWM_PulseFinishedCallback  stm32f4xx_hal_tim.o
    0x08002358   0x08002358   0x00000014   Code   RO          252    i.HAL_TIM_PeriodElapsedCallback  main.o
    0x0800236c   0x0800236c   0x00000002   Code   RO         3739    i.HAL_TIM_TriggerCallback  stm32f4xx_hal_tim.o
    0x0800236e   0x0800236e   0x00000002   Code   RO         1097    i.HardFault_Handler  stm32f4xx_it.o
    0x08002370   0x08002370   0x00000038   Code   RO          935    i.IntToUnicode      usbd_desc.o
    0x080023a8   0x080023a8   0x00000044   Code   RO         6778    i.MSC_BOT_Abort     usbd_msc_bot.o
    0x080023ec   0x080023ec   0x000000c0   Code   RO         6779    i.MSC_BOT_CBW_Decode  usbd_msc_bot.o
    0x080024ac   0x080024ac   0x0000002a   Code   RO         6780    i.MSC_BOT_CplClrFeature  usbd_msc_bot.o
    0x080024d6   0x080024d6   0x0000003c   Code   RO         6781    i.MSC_BOT_DataIn    usbd_msc_bot.o
    0x08002512   0x08002512   0x0000003c   Code   RO         6782    i.MSC_BOT_DataOut   usbd_msc_bot.o
    0x0800254e   0x0800254e   0x0000000a   Code   RO         6783    i.MSC_BOT_DeInit    usbd_msc_bot.o
    0x08002558   0x08002558   0x00000048   Code   RO         6784    i.MSC_BOT_Init      usbd_msc_bot.o
    0x080025a0   0x080025a0   0x0000001a   Code   RO         6785    i.MSC_BOT_Reset     usbd_msc_bot.o
    0x080025ba   0x080025ba   0x00000002   PAD
    0x080025bc   0x080025bc   0x00000040   Code   RO         6786    i.MSC_BOT_SendCSW   usbd_msc_bot.o
    0x080025fc   0x080025fc   0x000000f8   Code   RO          446    i.MX_FATFS_Init     fatfs.o
    0x080026f4   0x080026f4   0x00000028   Code   RO          484    i.MX_FREERTOS_Init  freertos.o
    0x0800271c   0x0800271c   0x000000c8   Code   RO          345    i.MX_GPIO_Init      gpio.o
    0x080027e4   0x080027e4   0x00000134   Code   RO          536    i.MX_RTC_Init       rtc.o
    0x08002918   0x08002918   0x00000044   Code   RO          579    i.MX_SPI1_Init      spi.o
    0x0800295c   0x0800295c   0x00000054   Code   RO          685    i.MX_USB_DEVICE_Init  usb_device.o
    0x080029b0   0x080029b0   0x00000002   Code   RO         1098    i.MemManage_Handler  stm32f4xx_it.o
    0x080029b2   0x080029b2   0x00000002   Code   RO         1099    i.NMI_Handler       stm32f4xx_it.o
    0x080029b4   0x080029b4   0x0000000c   Code   RO         1100    i.OTG_FS_IRQHandler  stm32f4xx_it.o
    0x080029c0   0x080029c0   0x000000dc   Code   RO         1227    i.PCD_EP_OutXfrComplete_int  stm32f4xx_hal_pcd.o
    0x08002a9c   0x08002a9c   0x000000a2   Code   RO         1228    i.PCD_WriteEmptyTxFifo  stm32f4xx_hal_pcd.o
    0x08002b3e   0x08002b3e   0x00000012   Code   RO         2981    i.RTC_Bcd2ToByte    stm32f4xx_hal_rtc.o
    0x08002b50   0x08002b50   0x00000016   Code   RO         2982    i.RTC_ByteToBcd2    stm32f4xx_hal_rtc.o
    0x08002b66   0x08002b66   0x00000002   PAD
    0x08002b68   0x08002b68   0x0000003a   Code   RO         2983    i.RTC_EnterInitMode  stm32f4xx_hal_rtc.o
    0x08002ba2   0x08002ba2   0x00000024   Code   RO         6874    i.SCSI_CheckAddressRange  usbd_msc_scsi.o
    0x08002bc6   0x08002bc6   0x00000002   PAD
    0x08002bc8   0x08002bc8   0x000001dc   Code   RO         6875    i.SCSI_ProcessCmd   usbd_msc_scsi.o
    0x08002da4   0x08002da4   0x0000008a   Code   RO         6876    i.SCSI_ProcessRead  usbd_msc_scsi.o
    0x08002e2e   0x08002e2e   0x00000096   Code   RO         6877    i.SCSI_ProcessWrite  usbd_msc_scsi.o
    0x08002ec4   0x08002ec4   0x00000094   Code   RO         6878    i.SCSI_Read10       usbd_msc_scsi.o
    0x08002f58   0x08002f58   0x0000005c   Code   RO         6879    i.SCSI_ReadCapacity10  usbd_msc_scsi.o
    0x08002fb4   0x08002fb4   0x0000006e   Code   RO         6880    i.SCSI_ReadFormatCapacity  usbd_msc_scsi.o
    0x08003022   0x08003022   0x00000040   Code   RO         6881    i.SCSI_SenseCode    usbd_msc_scsi.o
    0x08003062   0x08003062   0x000000b6   Code   RO         6882    i.SCSI_Write10      usbd_msc_scsi.o
    0x08003118   0x08003118   0x0000000c   Code   RO         1101    i.SPI1_IRQHandler   stm32f4xx_it.o
    0x08003124   0x08003124   0x00000010   Code   RO         3367    i.SPI_DMAAbortOnError  stm32f4xx_hal_spi.o
    0x08003134   0x08003134   0x0000005c   Code   RO         3377    i.SPI_EndRxTransaction  stm32f4xx_hal_spi.o
    0x08003190   0x08003190   0x00000058   Code   RO         3378    i.SPI_EndRxTxTransaction  stm32f4xx_hal_spi.o
    0x080031e8   0x080031e8   0x00000094   Code   RO         3383    i.SPI_WaitFlagStateUntilTimeout  stm32f4xx_hal_spi.o
    0x0800327c   0x0800327c   0x00000014   Code   RO         1021    i.STORAGE_GetCapacity_FS  usbd_storage_if.o
    0x08003290   0x08003290   0x00000004   Code   RO         1022    i.STORAGE_GetMaxLun_FS  usbd_storage_if.o
    0x08003294   0x08003294   0x00000004   Code   RO         1023    i.STORAGE_Init_FS   usbd_storage_if.o
    0x08003298   0x08003298   0x00000004   Code   RO         1024    i.STORAGE_IsReady_FS  usbd_storage_if.o
    0x0800329c   0x0800329c   0x00000004   Code   RO         1025    i.STORAGE_IsWriteProtected_FS  usbd_storage_if.o
    0x080032a0   0x080032a0   0x00000040   Code   RO         1026    i.STORAGE_Read_FS   usbd_storage_if.o
    0x080032e0   0x080032e0   0x00000040   Code   RO         1027    i.STORAGE_Write_FS  usbd_storage_if.o
    0x08003320   0x08003320   0x0000007c   Code   RO          485    i.StartDefaultTask  freertos.o
    0x0800339c   0x0800339c   0x0000002c   Code   RO         6351    i.SysTick_Handler   port.o
    0x080033c8   0x080033c8   0x0000009c   Code   RO          253    i.SystemClock_Config  main.o
    0x08003464   0x08003464   0x00000054   Code   RO         4580    i.SystemInit        system_stm32f4xx.o
    0x080034b8   0x080034b8   0x0000000c   Code   RO         1102    i.TIM1_TRG_COM_TIM11_IRQHandler  stm32f4xx_it.o
    0x080034c4   0x080034c4   0x00000098   Code   RO         3741    i.TIM_Base_SetConfig  stm32f4xx_hal_tim.o
    0x0800355c   0x0800355c   0x0000000e   Code   RO         6430    i.USBD_ClrClassConfig  usbd_core.o
    0x0800356a   0x0800356a   0x00000010   Code   RO         6633    i.USBD_CtlContinueRx  usbd_ioreq.o
    0x0800357a   0x0800357a   0x00000010   Code   RO         6634    i.USBD_CtlContinueSendData  usbd_ioreq.o
    0x0800358a   0x0800358a   0x00000016   Code   RO         6568    i.USBD_CtlError     usbd_ctlreq.o
    0x080035a0   0x080035a0   0x00000016   Code   RO         6636    i.USBD_CtlReceiveStatus  usbd_ioreq.o
    0x080035b6   0x080035b6   0x0000001a   Code   RO         6637    i.USBD_CtlSendData  usbd_ioreq.o
    0x080035d0   0x080035d0   0x00000016   Code   RO         6638    i.USBD_CtlSendStatus  usbd_ioreq.o
    0x080035e6   0x080035e6   0x00000002   PAD
    0x080035e8   0x080035e8   0x00000020   Code   RO          936    i.USBD_FS_ConfigStrDescriptor  usbd_desc.o
    0x08003608   0x08003608   0x0000000c   Code   RO          937    i.USBD_FS_DeviceDescriptor  usbd_desc.o
    0x08003614   0x08003614   0x00000024   Code   RO          938    i.USBD_FS_InterfaceStrDescriptor  usbd_desc.o
    0x08003638   0x08003638   0x0000000c   Code   RO          939    i.USBD_FS_LangIDStrDescriptor  usbd_desc.o
    0x08003644   0x08003644   0x0000001c   Code   RO          940    i.USBD_FS_ManufacturerStrDescriptor  usbd_desc.o
    0x08003660   0x08003660   0x00000028   Code   RO          941    i.USBD_FS_ProductStrDescriptor  usbd_desc.o
    0x08003688   0x08003688   0x00000038   Code   RO          942    i.USBD_FS_SerialStrDescriptor  usbd_desc.o
    0x080036c0   0x080036c0   0x000000e8   Code   RO         6569    i.USBD_GetDescriptor  usbd_ctlreq.o
    0x080037a8   0x080037a8   0x00000048   Code   RO         6570    i.USBD_GetString    usbd_ctlreq.o
    0x080037f0   0x080037f0   0x00000018   Code   RO          753    i.USBD_Get_USB_Status  usbd_conf.o
    0x08003808   0x08003808   0x0000002a   Code   RO         6432    i.USBD_Init         usbd_core.o
    0x08003832   0x08003832   0x00000012   Code   RO          754    i.USBD_LL_ClearStallEP  usbd_conf.o
    0x08003844   0x08003844   0x00000012   Code   RO          755    i.USBD_LL_CloseEP   usbd_conf.o
    0x08003856   0x08003856   0x000000c6   Code   RO         6433    i.USBD_LL_DataInStage  usbd_core.o
    0x0800391c   0x0800391c   0x00000082   Code   RO         6434    i.USBD_LL_DataOutStage  usbd_core.o
    0x0800399e   0x0800399e   0x00000004   Code   RO         6435    i.USBD_LL_DevConnected  usbd_core.o
    0x080039a2   0x080039a2   0x00000016   Code   RO         6436    i.USBD_LL_DevDisconnected  usbd_core.o
    0x080039b8   0x080039b8   0x00000012   Code   RO          758    i.USBD_LL_FlushEP   usbd_conf.o
    0x080039ca   0x080039ca   0x00000008   Code   RO          759    i.USBD_LL_GetRxDataSize  usbd_conf.o
    0x080039d2   0x080039d2   0x00000002   PAD
    0x080039d4   0x080039d4   0x00000060   Code   RO          760    i.USBD_LL_Init      usbd_conf.o
    0x08003a34   0x08003a34   0x00000020   Code   RO          761    i.USBD_LL_IsStallEP  usbd_conf.o
    0x08003a54   0x08003a54   0x00000004   Code   RO         6437    i.USBD_LL_IsoINIncomplete  usbd_core.o
    0x08003a58   0x08003a58   0x00000004   Code   RO         6438    i.USBD_LL_IsoOUTIncomplete  usbd_core.o
    0x08003a5c   0x08003a5c   0x00000018   Code   RO          762    i.USBD_LL_OpenEP    usbd_conf.o
    0x08003a74   0x08003a74   0x00000012   Code   RO          763    i.USBD_LL_PrepareReceive  usbd_conf.o
    0x08003a86   0x08003a86   0x00000050   Code   RO         6439    i.USBD_LL_Reset     usbd_core.o
    0x08003ad6   0x08003ad6   0x0000000c   Code   RO         6440    i.USBD_LL_Resume    usbd_core.o
    0x08003ae2   0x08003ae2   0x00000018   Code   RO         6441    i.USBD_LL_SOF       usbd_core.o
    0x08003afa   0x08003afa   0x00000006   Code   RO         6442    i.USBD_LL_SetSpeed  usbd_core.o
    0x08003b00   0x08003b00   0x00000012   Code   RO          764    i.USBD_LL_SetUSBAddress  usbd_conf.o
    0x08003b12   0x08003b12   0x0000005a   Code   RO         6443    i.USBD_LL_SetupStage  usbd_core.o
    0x08003b6c   0x08003b6c   0x00000012   Code   RO          765    i.USBD_LL_StallEP   usbd_conf.o
    0x08003b7e   0x08003b7e   0x00000012   Code   RO          766    i.USBD_LL_Start     usbd_conf.o
    0x08003b90   0x08003b90   0x00000012   Code   RO         6444    i.USBD_LL_Suspend   usbd_core.o
    0x08003ba2   0x08003ba2   0x00000012   Code   RO          768    i.USBD_LL_Transmit  usbd_conf.o
    0x08003bb4   0x08003bb4   0x0000000a   Code   RO         6693    i.USBD_MSC_DataIn   usbd_msc.o
    0x08003bbe   0x08003bbe   0x0000000a   Code   RO         6694    i.USBD_MSC_DataOut  usbd_msc.o
    0x08003bc8   0x08003bc8   0x00000032   Code   RO         6695    i.USBD_MSC_DeInit   usbd_msc.o
    0x08003bfa   0x08003bfa   0x00000002   PAD
    0x08003bfc   0x08003bfc   0x0000000c   Code   RO         6696    i.USBD_MSC_GetDeviceQualifierDescriptor  usbd_msc.o
    0x08003c08   0x08003c08   0x0000000c   Code   RO         6697    i.USBD_MSC_GetFSCfgDesc  usbd_msc.o
    0x08003c14   0x08003c14   0x0000000c   Code   RO         6698    i.USBD_MSC_GetHSCfgDesc  usbd_msc.o
    0x08003c20   0x08003c20   0x0000000c   Code   RO         6699    i.USBD_MSC_GetOtherSpeedCfgDesc  usbd_msc.o
    0x08003c2c   0x08003c2c   0x0000005c   Code   RO         6700    i.USBD_MSC_Init     usbd_msc.o
    0x08003c88   0x08003c88   0x0000000a   Code   RO         6701    i.USBD_MSC_RegisterStorage  usbd_msc.o
    0x08003c92   0x08003c92   0x00000116   Code   RO         6702    i.USBD_MSC_Setup    usbd_msc.o
    0x08003da8   0x08003da8   0x00000028   Code   RO         6571    i.USBD_ParseSetupRequest  usbd_ctlreq.o
    0x08003dd0   0x08003dd0   0x00000010   Code   RO         6445    i.USBD_RegisterClass  usbd_core.o
    0x08003de0   0x08003de0   0x00000016   Code   RO         6447    i.USBD_SetClassConfig  usbd_core.o
    0x08003df6   0x08003df6   0x00000002   PAD
    0x08003df8   0x08003df8   0x00000084   Code   RO         6572    i.USBD_SetConfig    usbd_ctlreq.o
    0x08003e7c   0x08003e7c   0x0000000a   Code   RO         6448    i.USBD_Start        usbd_core.o
    0x08003e86   0x08003e86   0x00000112   Code   RO         6573    i.USBD_StdDevReq    usbd_ctlreq.o
    0x08003f98   0x08003f98   0x00000150   Code   RO         6574    i.USBD_StdEPReq     usbd_ctlreq.o
    0x080040e8   0x080040e8   0x0000004e   Code   RO         6575    i.USBD_StdItfReq    usbd_ctlreq.o
    0x08004136   0x08004136   0x00000002   PAD
    0x08004138   0x08004138   0x00000080   Code   RO         1458    i.USB_ActivateEndpoint  stm32f4xx_ll_usb.o
    0x080041b8   0x080041b8   0x00000034   Code   RO         1460    i.USB_ActivateSetup  stm32f4xx_ll_usb.o
    0x080041ec   0x080041ec   0x00000074   Code   RO         1462    i.USB_CoreInit      stm32f4xx_ll_usb.o
    0x08004260   0x08004260   0x00000038   Code   RO         1463    i.USB_CoreReset     stm32f4xx_ll_usb.o
    0x08004298   0x08004298   0x00000080   Code   RO         1466    i.USB_DeactivateEndpoint  stm32f4xx_ll_usb.o
    0x08004318   0x08004318   0x00000018   Code   RO         1467    i.USB_DevConnect    stm32f4xx_ll_usb.o
    0x08004330   0x08004330   0x00000018   Code   RO         1468    i.USB_DevDisconnect  stm32f4xx_ll_usb.o
    0x08004348   0x08004348   0x0000018c   Code   RO         1469    i.USB_DevInit       stm32f4xx_ll_usb.o
    0x080044d4   0x080044d4   0x0000000c   Code   RO         1470    i.USB_DisableGlobalInt  stm32f4xx_ll_usb.o
    0x080044e0   0x080044e0   0x00000118   Code   RO         1473    i.USB_EP0StartXfer  stm32f4xx_ll_usb.o
    0x080045f8   0x080045f8   0x00000058   Code   RO         1474    i.USB_EP0_OutStart  stm32f4xx_ll_usb.o
    0x08004650   0x08004650   0x00000058   Code   RO         1475    i.USB_EPClearStall  stm32f4xx_ll_usb.o
    0x080046a8   0x080046a8   0x00000058   Code   RO         1476    i.USB_EPSetStall    stm32f4xx_ll_usb.o
    0x08004700   0x08004700   0x000001e8   Code   RO         1477    i.USB_EPStartXfer   stm32f4xx_ll_usb.o
    0x080048e8   0x080048e8   0x0000000c   Code   RO         1478    i.USB_EnableGlobalInt  stm32f4xx_ll_usb.o
    0x080048f4   0x080048f4   0x00000020   Code   RO         1479    i.USB_FlushRxFifo   stm32f4xx_ll_usb.o
    0x08004914   0x08004914   0x00000024   Code   RO         1480    i.USB_FlushTxFifo   stm32f4xx_ll_usb.o
    0x08004938   0x08004938   0x0000001a   Code   RO         1482    i.USB_GetDevSpeed   stm32f4xx_ll_usb.o
    0x08004952   0x08004952   0x00000008   Code   RO         1484    i.USB_GetMode       stm32f4xx_ll_usb.o
    0x0800495a   0x0800495a   0x0000000e   Code   RO         1491    i.USB_ReadDevAllInEpInterrupt  stm32f4xx_ll_usb.o
    0x08004968   0x08004968   0x0000000e   Code   RO         1492    i.USB_ReadDevAllOutEpInterrupt  stm32f4xx_ll_usb.o
    0x08004976   0x08004976   0x00000024   Code   RO         1493    i.USB_ReadDevInEPInterrupt  stm32f4xx_ll_usb.o
    0x0800499a   0x0800499a   0x00000010   Code   RO         1494    i.USB_ReadDevOutEPInterrupt  stm32f4xx_ll_usb.o
    0x080049aa   0x080049aa   0x00000008   Code   RO         1495    i.USB_ReadInterrupts  stm32f4xx_ll_usb.o
    0x080049b2   0x080049b2   0x0000001c   Code   RO         1496    i.USB_ReadPacket    stm32f4xx_ll_usb.o
    0x080049ce   0x080049ce   0x0000002e   Code   RO         1498    i.USB_SetCurrentMode  stm32f4xx_ll_usb.o
    0x080049fc   0x080049fc   0x00000022   Code   RO         1499    i.USB_SetDevAddress  stm32f4xx_ll_usb.o
    0x08004a1e   0x08004a1e   0x00000002   PAD
    0x08004a20   0x08004a20   0x000000e8   Code   RO         1501    i.USB_SetTurnaroundTime  stm32f4xx_ll_usb.o
    0x08004b08   0x08004b08   0x00000024   Code   RO         1504    i.USB_WritePacket   stm32f4xx_ll_usb.o
    0x08004b2c   0x08004b2c   0x00000018   Code   RO          369    i.USER_initialize   user_diskio.o
    0x08004b44   0x08004b44   0x0000002c   Code   RO          370    i.USER_ioctl        user_diskio.o
    0x08004b70   0x08004b70   0x00000040   Code   RO          371    i.USER_read         user_diskio.o
    0x08004bb0   0x08004bb0   0x00000010   Code   RO          372    i.USER_status       user_diskio.o
    0x08004bc0   0x08004bc0   0x00000040   Code   RO          373    i.USER_write        user_diskio.o
    0x08004c00   0x08004c00   0x00000002   Code   RO         1103    i.UsageFault_Handler  stm32f4xx_it.o
    0x08004c02   0x08004c02   0x00000002   PAD
    0x08004c04   0x08004c04   0x00000074   Code   RO           13    i.W25Qx_Erase_Block  w25qxx.o
    0x08004c78   0x08004c78   0x00000054   Code   RO           15    i.W25Qx_GetStatus   w25qxx.o
    0x08004ccc   0x08004ccc   0x00000060   Code   RO           16    i.W25Qx_Get_Parameter  w25qxx.o
    0x08004d2c   0x08004d2c   0x00000048   Code   RO           17    i.W25Qx_Init        w25qxx.o
    0x08004d74   0x08004d74   0x00000060   Code   RO           18    i.W25Qx_Read        w25qxx.o
    0x08004dd4   0x08004dd4   0x00000058   Code   RO           19    i.W25Qx_Read_ID     w25qxx.o
    0x08004e2c   0x08004e2c   0x000000c0   Code   RO           20    i.W25Qx_Write       w25qxx.o
    0x08004eec   0x08004eec   0x00000064   Code   RO           21    i.W25Qx_WriteEnable  w25qxx.o
    0x08004f50   0x08004f50   0x00000028   Code   RO         7104    i.__0sprintf$5      mc_w.l(printf5.o)
    0x08004f78   0x08004f78   0x00000026   Code   RO         7258    i.__ARM_fpclassifyf  m_wm.l(fpclassifyf.o)
    0x08004f9e   0x08004f9e   0x00000020   Code   RO         2592    i.__NVIC_SetPriority  stm32f4xx_hal_cortex.o
    0x08004fbe   0x08004fbe   0x00000002   PAD
    0x08004fc0   0x08004fc0   0x00000664   Code   RO         6940    i.__hardfp_powf     m_wm.l(powf.o)
    0x08005624   0x08005624   0x00000014   Code   RO         7260    i.__mathlib_flt_divzero  m_wm.l(funder.o)
    0x08005638   0x08005638   0x00000006   Code   RO         7262    i.__mathlib_flt_infnan2  m_wm.l(funder.o)
    0x0800563e   0x0800563e   0x00000002   PAD
    0x08005640   0x08005640   0x00000010   Code   RO         7263    i.__mathlib_flt_invalid  m_wm.l(funder.o)
    0x08005650   0x08005650   0x00000010   Code   RO         7264    i.__mathlib_flt_overflow  m_wm.l(funder.o)
    0x08005660   0x08005660   0x00000010   Code   RO         7266    i.__mathlib_flt_underflow  m_wm.l(funder.o)
    0x08005670   0x08005670   0x0000000e   Code   RO         7331    i.__scatterload_copy  mc_w.l(handlers.o)
    0x0800567e   0x0800567e   0x00000002   Code   RO         7332    i.__scatterload_null  mc_w.l(handlers.o)
    0x08005680   0x08005680   0x0000000e   Code   RO         7333    i.__scatterload_zeroinit  mc_w.l(handlers.o)
    0x0800568e   0x0800568e   0x00000002   PAD
    0x08005690   0x08005690   0x0000000c   Code   RO         7303    i.__set_errno       mc_w.l(errno.o)
    0x0800569c   0x0800569c   0x000002c0   Code   RO         7109    i._printf_core      mc_w.l(printf5.o)
    0x0800595c   0x0800595c   0x0000000a   Code   RO         7111    i._sputc            mc_w.l(printf5.o)
    0x08005966   0x08005966   0x00000002   PAD
    0x08005968   0x08005968   0x00000070   Code   RO         4675    i.check_fs          ff.o
    0x080059d8   0x080059d8   0x00000010   Code   RO         4676    i.chk_chr           ff.o
    0x080059e8   0x080059e8   0x0000005c   Code   RO         4677    i.chk_lock          ff.o
    0x08005a44   0x08005a44   0x00000020   Code   RO         4678    i.clear_lock        ff.o
    0x08005a64   0x08005a64   0x00000024   Code   RO         4679    i.clmt_clust        ff.o
    0x08005a88   0x08005a88   0x00000018   Code   RO         4680    i.clust2sect        ff.o
    0x08005aa0   0x08005aa0   0x00000080   Code   RO         4681    i.cmp_lfn           ff.o
    0x08005b20   0x08005b20   0x000000a4   Code   RO         4682    i.create_chain      ff.o
    0x08005bc4   0x08005bc4   0x00000244   Code   RO         4683    i.create_name       ff.o
    0x08005e08   0x08005e08   0x00000034   Code   RO         4684    i.dec_lock          ff.o
    0x08005e3c   0x08005e3c   0x000000d0   Code   RO         4685    i.dir_find          ff.o
    0x08005f0c   0x08005f0c   0x000000f4   Code   RO         4686    i.dir_next          ff.o
    0x08006000   0x08006000   0x000001e4   Code   RO         4688    i.dir_register      ff.o
    0x080061e4   0x080061e4   0x00000082   Code   RO         4690    i.dir_sdi           ff.o
    0x08006266   0x08006266   0x00000002   PAD
    0x08006268   0x08006268   0x00000028   Code   RO         4617    i.disk_initialize   diskio.o
    0x08006290   0x08006290   0x0000001c   Code   RO         4618    i.disk_ioctl        diskio.o
    0x080062ac   0x080062ac   0x0000001c   Code   RO         4619    i.disk_read         diskio.o
    0x080062c8   0x080062c8   0x00000018   Code   RO         4620    i.disk_status       diskio.o
    0x080062e0   0x080062e0   0x0000001c   Code   RO         4621    i.disk_write        diskio.o
    0x080062fc   0x080062fc   0x00000030   Code   RO         4691    i.f_close           ff.o
    0x0800632c   0x0800632c   0x0000054c   Code   RO         4697    i.f_mkfs            ff.o
    0x08006878   0x08006878   0x0000007c   Code   RO         4698    i.f_mount           ff.o
    0x080068f4   0x080068f4   0x0000021c   Code   RO         4699    i.f_open            ff.o
    0x08006b10   0x08006b10   0x000000a2   Code   RO         4708    i.f_sync            ff.o
    0x08006bb2   0x08006bb2   0x000001b6   Code   RO         4711    i.f_write           ff.o
    0x08006d68   0x08006d68   0x0000004c   Code   RO         5140    i.ff_convert        cc936.o
    0x08006db4   0x08006db4   0x0000001c   Code   RO         5092    i.ff_cre_syncobj    syscall.o
    0x08006dd0   0x08006dd0   0x0000000a   Code   RO         5093    i.ff_del_syncobj    syscall.o
    0x08006dda   0x08006dda   0x00000004   Code   RO         5094    i.ff_rel_grant      syscall.o
    0x08006dde   0x08006dde   0x00000014   Code   RO         5095    i.ff_req_grant      syscall.o
    0x08006df2   0x08006df2   0x00000002   PAD
    0x08006df4   0x08006df4   0x00000080   Code   RO         5141    i.ff_wtoupper       cc936.o
    0x08006e74   0x08006e74   0x00000260   Code   RO         4712    i.find_volume       ff.o
    0x080070d4   0x080070d4   0x00000074   Code   RO         4713    i.follow_path       ff.o
    0x08007148   0x08007148   0x00000050   Code   RO         7230    i.free              mc_w.l(malloc.o)
    0x08007198   0x08007198   0x0000008c   Code   RO         4714    i.gen_numname       ff.o
    0x08007224   0x08007224   0x000000bc   Code   RO         4715    i.get_fat           ff.o
    0x080072e0   0x080072e0   0x0000004c   Code   RO          447    i.get_fattime       fatfs.o
    0x0800732c   0x0800732c   0x0000003c   Code   RO         4717    i.get_ldnumber      ff.o
    0x08007368   0x08007368   0x0000000c   Code   RO         5920    i.inHandlerMode     cmsis_os.o
    0x08007374   0x08007374   0x00000080   Code   RO         4718    i.inc_lock          ff.o
    0x080073f4   0x080073f4   0x00000026   Code   RO         4719    i.ld_clust          ff.o
    0x0800741a   0x0800741a   0x00000016   Code   RO         4720    i.ld_dword          ff.o
    0x08007430   0x08007430   0x0000000a   Code   RO         4721    i.ld_word           ff.o
    0x0800743a   0x0800743a   0x00000014   Code   RO         4722    i.lock_fs           ff.o
    0x0800744e   0x0800744e   0x0000001e   Code   RO          254    i.main              main.o
    0x0800746c   0x0800746c   0x0000000c   Code   RO         5922    i.makeFreeRtosPriority  cmsis_os.o
    0x08007478   0x08007478   0x0000006c   Code   RO         7231    i.malloc            mc_w.l(malloc.o)
    0x080074e4   0x080074e4   0x00000012   Code   RO         4723    i.mem_cpy           ff.o
    0x080074f6   0x080074f6   0x00000002   PAD
    0x080074f8   0x080074f8   0x0000000e   Code   RO         4724    i.mem_set           ff.o
    0x08007506   0x08007506   0x00000032   Code   RO         4725    i.move_window       ff.o
    0x08007538   0x08007538   0x0000000e   Code   RO         5924    i.osDelay           cmsis_os.o
    0x08007546   0x08007546   0x0000000a   Code   RO         5927    i.osKernelStart     cmsis_os.o
    0x08007550   0x08007550   0x0000003e   Code   RO         5953    i.osSemaphoreCreate  cmsis_os.o
    0x0800758e   0x0800758e   0x00000018   Code   RO         5954    i.osSemaphoreDelete  cmsis_os.o
    0x080075a6   0x080075a6   0x00000002   PAD
    0x080075a8   0x080075a8   0x00000050   Code   RO         5956    i.osSemaphoreRelease  cmsis_os.o
    0x080075f8   0x080075f8   0x00000064   Code   RO         5957    i.osSemaphoreWait   cmsis_os.o
    0x0800765c   0x0800765c   0x00000054   Code   RO         5961    i.osThreadCreate    cmsis_os.o
    0x080076b0   0x080076b0   0x00000070   Code   RO         5619    i.prvAddCurrentTaskToDelayedList  tasks.o
    0x08007720   0x08007720   0x000000d0   Code   RO         5620    i.prvAddNewTaskToReadyList  tasks.o
    0x080077f0   0x080077f0   0x00000026   Code   RO         5313    i.prvCopyDataFromQueue  queue.o
    0x08007816   0x08007816   0x0000006c   Code   RO         5314    i.prvCopyDataToQueue  queue.o
    0x08007882   0x08007882   0x00000034   Code   RO         5621    i.prvDeleteTCB      tasks.o
    0x080078b6   0x080078b6   0x00000002   PAD
    0x080078b8   0x080078b8   0x0000004c   Code   RO         6289    i.prvHeapInit       heap_4.o
    0x08007904   0x08007904   0x00000060   Code   RO         5622    i.prvIdleTask       tasks.o
    0x08007964   0x08007964   0x00000016   Code   RO         5316    i.prvInitialiseNewQueue  queue.o
    0x0800797a   0x0800797a   0x0000008e   Code   RO         5623    i.prvInitialiseNewTask  tasks.o
    0x08007a08   0x08007a08   0x0000004c   Code   RO         6290    i.prvInsertBlockIntoFreeList  heap_4.o
    0x08007a54   0x08007a54   0x0000001c   Code   RO         5317    i.prvIsQueueEmpty   queue.o
    0x08007a70   0x08007a70   0x00000020   Code   RO         5624    i.prvResetNextTaskUnblockTime  tasks.o
    0x08007a90   0x08007a90   0x00000028   Code   RO         6352    i.prvTaskExitError  port.o
    0x08007ab8   0x08007ab8   0x0000006a   Code   RO         5318    i.prvUnlockQueue    queue.o
    0x08007b22   0x08007b22   0x000000ea   Code   RO         4727    i.put_fat           ff.o
    0x08007c0c   0x08007c0c   0x000000d8   Code   RO         6291    i.pvPortMalloc      heap_4.o
    0x08007ce4   0x08007ce4   0x00000018   Code   RO         5626    i.pvTaskIncrementMutexHeldCount  tasks.o
    0x08007cfc   0x08007cfc   0x0000002c   Code   RO         6353    i.pxPortInitialiseStack  port.o
    0x08007d28   0x08007d28   0x00000074   Code   RO         4730    i.remove_chain      ff.o
    0x08007d9c   0x08007d9c   0x00000028   Code   RO         4731    i.st_clust          ff.o
    0x08007dc4   0x08007dc4   0x00000010   Code   RO         4732    i.st_dword          ff.o
    0x08007dd4   0x08007dd4   0x00000008   Code   RO         4733    i.st_word           ff.o
    0x08007ddc   0x08007ddc   0x0000001a   Code   RO         4734    i.sum_sfn           ff.o
    0x08007df6   0x08007df6   0x00000002   PAD
    0x08007df8   0x08007df8   0x00000088   Code   RO         4735    i.sync_fs           ff.o
    0x08007e80   0x08007e80   0x00000052   Code   RO         4736    i.sync_window       ff.o
    0x08007ed2   0x08007ed2   0x00000018   Code   RO         4737    i.unlock_fs         ff.o
    0x08007eea   0x08007eea   0x00000026   Code   RO         5273    i.uxListRemove      list.o
    0x08007f10   0x08007f10   0x00000014   Code   RO          486    i.vApplicationGetIdleTaskMemory  freertos.o
    0x08007f24   0x08007f24   0x00000016   Code   RO         5274    i.vListInitialise   list.o
    0x08007f3a   0x08007f3a   0x00000006   Code   RO         5275    i.vListInitialiseItem  list.o
    0x08007f40   0x08007f40   0x00000030   Code   RO         5276    i.vListInsert       list.o
    0x08007f70   0x08007f70   0x00000018   Code   RO         5277    i.vListInsertEnd    list.o
    0x08007f88   0x08007f88   0x00000040   Code   RO         6355    i.vPortEnterCritical  port.o
    0x08007fc8   0x08007fc8   0x00000028   Code   RO         6356    i.vPortExitCritical  port.o
    0x08007ff0   0x08007ff0   0x0000005c   Code   RO         6292    i.vPortFree         heap_4.o
    0x0800804c   0x0800804c   0x00000024   Code   RO         6357    i.vPortSetupTimerInterrupt  port.o
    0x08008070   0x08008070   0x00000054   Code   RO         6358    i.vPortValidateInterruptPriority  port.o
    0x080080c4   0x080080c4   0x0000002e   Code   RO         5323    i.vQueueDelete      queue.o
    0x080080f2   0x080080f2   0x00000002   PAD
    0x080080f4   0x080080f4   0x00000028   Code   RO         5324    i.vQueueUnregisterQueue  queue.o
    0x0800811c   0x0800811c   0x0000004c   Code   RO         5632    i.vTaskDelay        tasks.o
    0x08008168   0x08008168   0x00000010   Code   RO         5635    i.vTaskInternalSetTimeOutState  tasks.o
    0x08008178   0x08008178   0x0000000c   Code   RO         5636    i.vTaskMissedYield  tasks.o
    0x08008184   0x08008184   0x00000030   Code   RO         5638    i.vTaskPlaceOnEventList  tasks.o
    0x080081b4   0x080081b4   0x000000a8   Code   RO         5640    i.vTaskPriorityDisinheritAfterTimeout  tasks.o
    0x0800825c   0x0800825c   0x0000006c   Code   RO         5645    i.vTaskStartScheduler  tasks.o
    0x080082c8   0x080082c8   0x00000010   Code   RO         5647    i.vTaskSuspendAll   tasks.o
    0x080082d8   0x080082d8   0x0000005c   Code   RO         5648    i.vTaskSwitchContext  tasks.o
    0x08008334   0x08008334   0x00000048   Code   RO         4738    i.validate          ff.o
    0x0800837c   0x0800837c   0x000000f4   Code   RO         6359    i.xPortStartScheduler  port.o
    0x08008470   0x08008470   0x00000048   Code   RO         5327    i.xQueueGenericCreate  queue.o
    0x080084b8   0x080084b8   0x00000066   Code   RO         5328    i.xQueueGenericCreateStatic  queue.o
    0x0800851e   0x0800851e   0x00000002   PAD
    0x08008520   0x08008520   0x00000088   Code   RO         5329    i.xQueueGenericReset  queue.o
    0x080085a8   0x080085a8   0x00000160   Code   RO         5330    i.xQueueGenericSend  queue.o
    0x08008708   0x08008708   0x0000009c   Code   RO         5332    i.xQueueGiveFromISR  queue.o
    0x080087a4   0x080087a4   0x0000009a   Code   RO         5338    i.xQueueReceiveFromISR  queue.o
    0x0800883e   0x0800883e   0x00000002   PAD
    0x08008840   0x08008840   0x00000178   Code   RO         5339    i.xQueueSemaphoreTake  queue.o
    0x080089b8   0x080089b8   0x00000074   Code   RO         5649    i.xTaskCheckForTimeOut  tasks.o
    0x08008a2c   0x08008a2c   0x0000005a   Code   RO         5650    i.xTaskCreate       tasks.o
    0x08008a86   0x08008a86   0x00000056   Code   RO         5651    i.xTaskCreateStatic  tasks.o
    0x08008adc   0x08008adc   0x0000001c   Code   RO         5655    i.xTaskGetSchedulerState  tasks.o
    0x08008af8   0x08008af8   0x000000c8   Code   RO         5658    i.xTaskIncrementTick  tasks.o
    0x08008bc0   0x08008bc0   0x00000098   Code   RO         5661    i.xTaskPriorityDisinherit  tasks.o
    0x08008c58   0x08008c58   0x00000094   Code   RO         5662    i.xTaskPriorityInherit  tasks.o
    0x08008cec   0x08008cec   0x00000074   Code   RO         5663    i.xTaskRemoveFromEventList  tasks.o
    0x08008d60   0x08008d60   0x000000c4   Code   RO         5664    i.xTaskResumeAll    tasks.o
    0x08008e24   0x08008e24   0x0000001c   Data   RO          488    .constdata          freertos.o
    0x08008e40   0x08008e40   0x00000024   Data   RO         1028    .constdata          usbd_storage_if.o
    0x08008e64   0x08008e64   0x00000010   Data   RO         4581    .constdata          system_stm32f4xx.o
    0x08008e74   0x08008e74   0x00000008   Data   RO         4582    .constdata          system_stm32f4xx.o
    0x08008e7c   0x08008e7c   0x0000002a   Data   RO         4740    .constdata          ff.o
    0x08008ea6   0x08008ea6   0x0002abb6   Data   RO         5142    .constdata          cc936.o
    0x08033a5c   0x08033a5c   0x00000007   Data   RO         6848    .constdata          usbd_msc_data.o
    0x08033a63   0x08033a63   0x00000008   Data   RO         6849    .constdata          usbd_msc_data.o
    0x08033a6b   0x08033a6b   0x00000008   Data   RO         6850    .constdata          usbd_msc_data.o
    0x08033a73   0x08033a73   0x00000001   PAD
    0x08033a74   0x08033a74   0x00000140   Data   RO         6943    .constdata          m_wm.l(powf.o)
    0x08033bb4   0x08033bb4   0x0000005e   Data   RO          449    .conststring        fatfs.o
    0x08033c12   0x08033c12   0x00000002   PAD
    0x08033c14   0x08033c14   0x0000000c   Data   RO          489    .conststring        freertos.o
    0x08033c20   0x08033c20   0x00000020   Data   RO         7329    Region$$Table       anon$$obj.o


    Execution Region RW_IRAM1 (Exec base: 0x20000000, Load base: 0x08033c40, Size: 0x00009f78, Max: 0x00020000, ABSOLUTE, COMPRESSED[0x000000c0])

    Exec Addr    Load Addr    Size         Type   Attr      Idx    E Section Name        Object

    0x20000000   COMPRESSED   0x00000001   Data   RW          374    .data               user_diskio.o
    0x20000001   COMPRESSED   0x00000003   PAD
    0x20000004   COMPRESSED   0x00000014   Data   RW          375    .data               user_diskio.o
    0x20000018   COMPRESSED   0x00000009   Data   RW          450    .data               fatfs.o
    0x20000021   COMPRESSED   0x00000003   PAD
    0x20000024   COMPRESSED   0x0000000c   Data   RW          490    .data               freertos.o
    0x20000030   COMPRESSED   0x00000004   Data   RW          538    .data               rtc.o
    0x20000034   COMPRESSED   0x0000001c   Data   RW          944    .data               usbd_desc.o
    0x20000050   COMPRESSED   0x00000032   Data   RW          945    .data               usbd_desc.o
    0x20000082   COMPRESSED   0x00000002   PAD
    0x20000084   COMPRESSED   0x00000020   Data   RW         1029    .data               usbd_storage_if.o
    0x200000a4   COMPRESSED   0x0000000c   Data   RW         2736    .data               stm32f4xx_hal.o
    0x200000b0   COMPRESSED   0x00000004   Data   RW         4583    .data               system_stm32f4xx.o
    0x200000b4   COMPRESSED   0x00000008   Data   RW         4741    .data               ff.o
    0x200000bc   COMPRESSED   0x0000003c   Data   RW         5667    .data               tasks.o
    0x200000f8   COMPRESSED   0x00000018   Data   RW         6297    .data               heap_4.o
    0x20000110   COMPRESSED   0x0000000c   Data   RW         6360    .data               port.o
    0x2000011c   COMPRESSED   0x00000001   Data   RW         6576    .data               usbd_ctlreq.o
    0x2000011d   COMPRESSED   0x00000003   PAD
    0x20000120   COMPRESSED   0x00000038   Data   RW         6703    .data               usbd_msc.o
    0x20000158   COMPRESSED   0x0000006a   Data   RW         6704    .data               usbd_msc.o
    0x200001c2   COMPRESSED   0x00000002   PAD
    0x200001c4   COMPRESSED   0x00000004   Data   RW         7299    .data               mc_w.l(mvars.o)
    0x200001c8   COMPRESSED   0x00000004   Data   RW         7300    .data               mc_w.l(mvars.o)
    0x200001cc   COMPRESSED   0x00000004   Data   RW         7304    .data               mc_w.l(errno.o)
    0x200001d0        -       0x0000001c   Zero   RW           22    .bss                w25qxx.o
    0x200001ec        -       0x0000307c   Zero   RW          448    .bss                fatfs.o
    0x20003268        -       0x00000254   Zero   RW          487    .bss                freertos.o
    0x200034bc        -       0x00000020   Zero   RW          537    .bss                rtc.o
    0x200034dc        -       0x00000058   Zero   RW          580    .bss                spi.o
    0x20003534        -       0x00000040   Zero   RW          649    .bss                stm32f4xx_hal_timebase_tim.o
    0x20003574        -       0x0000029c   Zero   RW          686    .bss                usb_device.o
    0x20003810        -       0x00000408   Zero   RW          769    .bss                usbd_conf.o
    0x20003c18        -       0x00000200   Zero   RW          943    .bss                usbd_desc.o
    0x20003e18        -       0x00000020   Zero   RW         4739    .bss                ff.o
    0x20003e38        -       0x0000000c   Zero   RW         5046    .bss                ff_gen_drv.o
    0x20003e44        -       0x00000040   Zero   RW         5340    .bss                queue.o
    0x20003e84        -       0x000000f0   Zero   RW         5666    .bss                tasks.o
    0x20003f74        -       0x00003c00   Zero   RW         6296    .bss                heap_4.o
    0x20007b74   COMPRESSED   0x00000004   PAD
    0x20007b78        -       0x00002000   Zero   RW            2    HEAP                startup_stm32f411xe.o
    0x20009b78        -       0x00000400   Zero   RW            1    STACK               startup_stm32f411xe.o


==============================================================================

Image component sizes


      Code (inc. data)   RO Data    RW Data    ZI Data      Debug   Object Name

       204         26     175030          0          0       2595   cc936.o
       398         10          0          0          0      31616   cmsis_os.o
       148         22          0          0          0       6205   diskio.o
         0          0          0          0          0      18228   event_groups.o
       324        118         94          9      12412       2152   fatfs.o
      7136        172         42          8         32      44637   ff.o
        70          6          0          0         12       1703   ff_gen_drv.o
       184         24         40         12        596       2734   freertos.o
       200         16          0          0          0       1007   gpio.o
       460         24          0         24      15360       7487   heap_4.o
       138          0          0          0          0       3690   list.o
       208         16          0          0          0      16348   main.o
       786         82          0         12          0      12229   port.o
      1736         18          0          0         64      17552   queue.o
       332         28          0          4         32       1813   rtc.o
       188         20          0          0         88       1749   spi.o
        36          8        408          0       9216        860   startup_stm32f411xe.o
       116         18          0         12          0       4026   stm32f4xx_hal.o
       158         14          0          0          0      33278   stm32f4xx_hal_cortex.o
        36          0          0          0          0       1259   stm32f4xx_hal_dma.o
       402         34          0          0          0       2468   stm32f4xx_hal_gpio.o
        56          4          0          0          0        886   stm32f4xx_hal_msp.o
      2424         18          0          0          0      14000   stm32f4xx_hal_pcd.o
        78          0          0          0          0       2497   stm32f4xx_hal_pcd_ex.o
      1308         84          0          0          0       5854   stm32f4xx_hal_rcc.o
       340         26          0          0          0       1452   stm32f4xx_hal_rcc_ex.o
       916         30          0          0          0       7744   stm32f4xx_hal_rtc.o
        20          0          0          0          0       1795   stm32f4xx_hal_rtc_ex.o
      1892         14          0          0          0      10791   stm32f4xx_hal_spi.o
       608         30          0          0          0       7452   stm32f4xx_hal_tim.o
         4          0          0          0          0       1669   stm32f4xx_hal_tim_ex.o
       116         18          0          0         64       1468   stm32f4xx_hal_timebase_tim.o
        48         18          0          0          0       4343   stm32f4xx_it.o
      2546        140          0          0          0      23475   stm32f4xx_ll_usb.o
        62          0          0          0          0       3500   syscall.o
        84         18         24          4          0       1231   system_stm32f4xx.o
      2334        172          0         60        240      25415   tasks.o
        84         18          0          0        668       6069   usb_device.o
       646         20          0          0       1032      16114   usbd_conf.o
       696          0          0          0          0      12737   usbd_core.o
      1186         28          0          1          0       8328   usbd_ctlreq.o
       272         88          0         78        512       6141   usbd_desc.o
       102          0          0          0          0       3948   usbd_ioreq.o
       498         16          0        162          0       9824   usbd_msc.o
       594          8          0          0          0       7609   usbd_msc_bot.o
         0          0         23          0          0        905   usbd_msc_data.o
      1396         14          0          0          0      10619   usbd_msc_scsi.o
       164         14         36         32          0       4863   usbd_storage_if.o
       212         30          0         21          0       4372   user_diskio.o
       844         82          0          0         28     488139   w25qxx.o

    ----------------------------------------------------------------------
     32844       1546     175732        452      40360     906876   Object Totals
         0          0         32          0          0          0   (incl. Generated)
        54          0          3         13          4          0   (incl. Padding)

    ----------------------------------------------------------------------

      Code (inc. data)   RO Data    RW Data    ZI Data      Debug   Library Member Name

        38          0          0          0          0        116   fpclassifyf.o
        74         24          0          0          0        580   funder.o
      1636        110        320          0          0        372   powf.o
        86          0          0          0          0          0   __dczerorl2.o
         0          0          0          0          0          0   entry.o
         0          0          0          0          0          0   entry10a.o
         0          0          0          0          0          0   entry11a.o
         4          0          0          0          0          0   entry12b.o
         8          4          0          0          0          0   entry2.o
         4          0          0          0          0          0   entry5.o
         0          0          0          0          0          0   entry7b.o
         0          0          0          0          0          0   entry8b.o
         8          4          0          0          0          0   entry9a.o
        12          6          0          4          0         68   errno.o
        30          0          0          0          0          0   handlers.o
        36          8          0          0          0         68   init.o
         0          0          0          0          0          0   iusefp.o
        30          0          0          0          0         68   llshl.o
        32          0          0          0          0         68   llushr.o
       188         20          0          0          0        160   malloc.o
        36          0          0          0          0         68   memcpya.o
        36          0          0          0          0        108   memseta.o
         0          0          0          8          0          0   mvars.o
       754         50          0          0          0        252   printf5.o
        14          0          0          0          0         68   strlen.o
        98          0          0          0          0         92   uldiv.o
         4          0          0          0          0         68   fpstat.o

    ----------------------------------------------------------------------
      3136        226        320         12          0       2156   Library Totals
         8          0          0          0          0          0   (incl. Padding)

    ----------------------------------------------------------------------

      Code (inc. data)   RO Data    RW Data    ZI Data      Debug   Library Name

      1748        134        320          0          0       1068   m_wm.l
      1376         92          0         12          0       1020   mc_w.l
         4          0          0          0          0         68   mf_w.l

    ----------------------------------------------------------------------
      3136        226        320         12          0       2156   Library Totals

    ----------------------------------------------------------------------

==============================================================================


      Code (inc. data)   RO Data    RW Data    ZI Data      Debug   

     35980       1772     176052        464      40360     873348   Grand Totals
     35980       1772     176052        192      40360     873348   ELF Image Totals (compressed)
     35980       1772     176052        192          0          0   ROM Totals

==============================================================================

    Total RO  Size (Code + RO Data)               212032 ( 207.06kB)
    Total RW  Size (RW Data + ZI Data)             40824 (  39.87kB)
    Total ROM Size (Code + RO Data + RW Data)     212224 ( 207.25kB)

==============================================================================

